Component: Arm Compiler for Embedded 6.19 Tool: armlink [5e73cb00]

==============================================================================

Section Cross References

    startup.o(STACK) refers (Special) to heapauxi.o(.text) for __use_two_region_memory
    startup.o(HEAP) refers (Special) to heapauxi.o(.text) for __use_two_region_memory
    startup.o(RESET) refers (Special) to heapauxi.o(.text) for __use_two_region_memory
    startup.o(RESET) refers to startup.o(STACK) for StackMem
    startup.o(RESET) refers to button.o(.text.GPIOPortE_Handler) for GPIOPortE_Handler
    startup.o(RESET) refers to timer1a.o(.text.Timer1A_Handler) for Timer1A_Handler
    startup.o(RESET) refers to timer2a.o(.text.Timer2A_Handler) for Timer2A_Handler
    startup.o(RESET) refers to brickbreaker.o(.text.Timer3A_Handler) for Timer3A_Handler
    startup.o(RESET) refers to timer5a.o(.text.Timer5A_Handler) for Timer5A_Handler
    startup.o(RESET) refers to __main.o(!!!main) for __main
    startup.o(.text) refers (Special) to heapauxi.o(.text) for __use_two_region_memory
    startup.o(.text) refers to startup.o(HEAP) for HeapMem
    startup.o(.text) refers to startup.o(STACK) for StackMem
    random.o(.text) refers to random.o(DATA) for M
    timer1.o(.ARM.exidx.text.Timer1_Init) refers to timer1.o(.text.Timer1_Init) for [Anonymous Symbol]
    texas.o(.ARM.exidx.text.Scope) refers to texas.o(.text.Scope) for [Anonymous Symbol]
    texas.o(.ARM.exidx.text.LogicAnalyzerA) refers to texas.o(.text.LogicAnalyzerA) for [Anonymous Symbol]
    texas.o(.ARM.exidx.text.LogicAnalyzerB) refers to texas.o(.text.LogicAnalyzerB) for [Anonymous Symbol]
    texas.o(.ARM.exidx.text.LogicAnalyzerC) refers to texas.o(.text.LogicAnalyzerC) for [Anonymous Symbol]
    texas.o(.ARM.exidx.text.LogicAnalyzerE) refers to texas.o(.text.LogicAnalyzerE) for [Anonymous Symbol]
    texas.o(.ARM.exidx.text.LogicAnalyzerF) refers to texas.o(.text.LogicAnalyzerF) for [Anonymous Symbol]
    texas.o(.text.PeriodicTask2_Init) refers to texas.o(.bss.PeriodicTask2) for PeriodicTask2
    texas.o(.ARM.exidx.text.PeriodicTask2_Init) refers to texas.o(.text.PeriodicTask2_Init) for [Anonymous Symbol]
    texas.o(.ARM.exidx.text.PeriodicTask2_Stop) refers to texas.o(.text.PeriodicTask2_Stop) for [Anonymous Symbol]
    texas.o(.ARM.exidx.text.UART0_Init) refers to texas.o(.text.UART0_Init) for [Anonymous Symbol]
    texas.o(.ARM.exidx.text.UART0_InChar) refers to texas.o(.text.UART0_InChar) for [Anonymous Symbol]
    texas.o(.ARM.exidx.text.UART0_OutChar) refers to texas.o(.text.UART0_OutChar) for [Anonymous Symbol]
    texas.o(.text.UART0_OutString) refers to texas.o(.text.UART0_OutChar) for UART0_OutChar
    texas.o(.ARM.exidx.text.UART0_OutString) refers to texas.o(.text.UART0_OutString) for [Anonymous Symbol]
    texas.o(.ARM.exidx.text.ADC1_Init) refers to texas.o(.text.ADC1_Init) for [Anonymous Symbol]
    texas.o(.text.TExaS_Init) refers to startup.o(.text) for DisableInterrupts
    texas.o(.text.TExaS_Init) refers to pll.o(.text.PLL_Init) for PLL_Init
    texas.o(.text.TExaS_Init) refers to texas.o(.text.UART0_Init) for UART0_Init
    texas.o(.text.TExaS_Init) refers to texas.o(.text.LogicAnalyzerA) for LogicAnalyzerA
    texas.o(.text.TExaS_Init) refers to texas.o(.text.PeriodicTask2_Init) for PeriodicTask2_Init
    texas.o(.text.TExaS_Init) refers to texas.o(.text.LogicAnalyzerB) for LogicAnalyzerB
    texas.o(.text.TExaS_Init) refers to texas.o(.text.LogicAnalyzerC) for LogicAnalyzerC
    texas.o(.text.TExaS_Init) refers to texas.o(.text.LogicAnalyzerE) for LogicAnalyzerE
    texas.o(.text.TExaS_Init) refers to texas.o(.text.LogicAnalyzerF) for LogicAnalyzerF
    texas.o(.text.TExaS_Init) refers to texas.o(.text.ADC1_Init) for ADC1_Init
    texas.o(.text.TExaS_Init) refers to texas.o(.text.Scope) for Scope
    texas.o(.ARM.exidx.text.TExaS_Init) refers to texas.o(.text.TExaS_Init) for [Anonymous Symbol]
    texas.o(.text.TExaS_Stop) refers to texas.o(.text.PeriodicTask2_Stop) for PeriodicTask2_Stop
    texas.o(.ARM.exidx.text.TExaS_Stop) refers to texas.o(.text.TExaS_Stop) for [Anonymous Symbol]
    adc.o(.ARM.exidx.text.ADC_Init) refers to adc.o(.text.ADC_Init) for [Anonymous Symbol]
    adc.o(.ARM.exidx.text.ADC_In) refers to adc.o(.text.ADC_In) for [Anonymous Symbol]
    dac.o(.ARM.exidx.text.DAC_Init) refers to dac.o(.text.DAC_Init) for [Anonymous Symbol]
    dac.o(.ARM.exidx.text.DAC_Out) refers to dac.o(.text.DAC_Out) for [Anonymous Symbol]
    pll.o(.ARM.exidx.text.PLL_Init) refers to pll.o(.text.PLL_Init) for [Anonymous Symbol]
    st7735.o(.text.writecommand) refers to busywait.o(.text) for SPIOutCommand
    st7735.o(.ARM.exidx.text.writecommand) refers to st7735.o(.text.writecommand) for [Anonymous Symbol]
    st7735.o(.text.writedata) refers to busywait.o(.text) for SPIOutData
    st7735.o(.ARM.exidx.text.writedata) refers to st7735.o(.text.writedata) for [Anonymous Symbol]
[...]
    ../clib/signal.c                         0x00000000   Number         0  defsig_rtmem_inner.o ABSOLUTE
    ../clib/signal.c                         0x00000000   Number         0  __raise.o ABSOLUTE
    ../clib/signal.c                         0x00000000   Number         0  defsig_general.o ABSOLUTE
    ../clib/signal.c                         0x00000000   Number         0  defsig_abrt_inner.o ABSOLUTE
    ../clib/signal.c                         0x00000000   Number         0  defsig_fpe_inner.o ABSOLUTE
    ../clib/signal.c                         0x00000000   Number         0  defsig_rtred_inner.o ABSOLUTE
    ../clib/signal.c                         0x00000000   Number         0  defsig_stak_inner.o ABSOLUTE
    ../clib/signal.c                         0x00000000   Number         0  defsig_pvfn_inner.o ABSOLUTE
    ../clib/signal.c                         0x00000000   Number         0  defsig_cppl_inner.o ABSOLUTE
    ../clib/signal.c                         0x00000000   Number         0  defsig_segv_inner.o ABSOLUTE
    ../clib/signal.c                         0x00000000   Number         0  defsig_other.o ABSOLUTE
    ../clib/signal.s                         0x00000000   Number         0  defsig.o ABSOLUTE
    ../clib/stdlib.c                         0x00000000   Number         0  exit.o ABSOLUTE
    ../fplib/fpinit.s                        0x00000000   Number         0  fpinit.o ABSOLUTE
    ../fplib/fpinit_empty.s                  0x00000000   Number         0  fpinit_empty.o ABSOLUTE
    ..\inc\BusyWait.s                        0x00000000   Number         0  busywait.o ABSOLUTE
    ..\inc\StringConversion.s                0x00000000   Number         0  stringconversion.o ABSOLUTE
    ADC.c                                    0x00000000   Number         0  adc.o ABSOLUTE
    BrickBreaker.c                           0x00000000   Number         0  brickbreaker.o ABSOLUTE
    Button.c                                 0x00000000   Number         0  button.o ABSOLUTE
    DAC.c                                    0x00000000   Number         0  dac.o ABSOLUTE
    PLL.c                                    0x00000000   Number         0  pll.o ABSOLUTE
    ST7735.c                                 0x00000000   Number         0  st7735.o ABSOLUTE
    TExaS.c                                  0x00000000   Number         0  texas.o ABSOLUTE
    Timer0.c                                 0x00000000   Number         0  timer0.o ABSOLUTE
    Timer1.c                                 0x00000000   Number         0  timer1.o ABSOLUTE
    Timer1A.c                                0x00000000   Number         0  timer1a.o ABSOLUTE
    Timer2A.c                                0x00000000   Number         0  timer2a.o ABSOLUTE
    Timer5A.c                                0x00000000   Number         0  timer5a.o ABSOLUTE
    dc.s                                     0x00000000   Number         0  dc.o ABSOLUTE
    random.s                                 0x00000000   Number         0  random.o ABSOLUTE
    startup.s                                0x00000000   Number         0  startup.o ABSOLUTE
    wave.c                                   0x00000000   Number         0  wave.o ABSOLUTE
    RESET                                    0x00000000   Section      644  startup.o(RESET)
    !!!main                                  0x00000284   Section        8  __main.o(!!!main)
    !!!scatter                               0x0000028c   Section       52  __scatter.o(!!!scatter)
    !!dczerorl2                              0x000002c0   Section       90  __dczerorl2.o(!!dczerorl2)
    !!handler_zi                             0x0000031c   Section       28  __scatter_zi.o(!!handler_zi)
    .ARM.Collect$$libinit$$00000000          0x00000338   Section        2  libinit.o(.ARM.Collect$$libinit$$00000000)
    .ARM.Collect$$libinit$$00000002          0x0000033a   Section        0  libinit2.o(.ARM.Collect$$libinit$$00000002)
    .ARM.Collect$$libinit$$00000004          0x0000033a   Section        0  libinit2.o(.ARM.Collect$$libinit$$00000004)
    .ARM.Collect$$libinit$$00000006          0x0000033a   Section        0  libinit2.o(.ARM.Collect$$libinit$$00000006)
    .ARM.Collect$$libinit$$0000000C          0x0000033a   Section        0  libinit2.o(.ARM.Collect$$libinit$$0000000C)
    .ARM.Collect$$libinit$$0000000E          0x0000033a   Section        0  libinit2.o(.ARM.Collect$$libinit$$0000000E)
    .ARM.Collect$$libinit$$00000010          0x0000033a   Section        0  libinit2.o(.ARM.Collect$$libinit$$00000010)
    .ARM.Collect$$libinit$$00000013          0x0000033a   Section        0  libinit2.o(.ARM.Collect$$libinit$$00000013)
    .ARM.Collect$$libinit$$00000015          0x0000033a   Section        0  libinit2.o(.ARM.Collect$$libinit$$00000015)
    .ARM.Collect$$libinit$$00000017          0x0000033a   Section        0  libinit2.o(.ARM.Collect$$libinit$$00000017)
    .ARM.Collect$$libinit$$00000019          0x0000033a   Section        0  libinit2.o(.ARM.Collect$$libinit$$00000019)
    .ARM.Collect$$libinit$$0000001B          0x0000033a   Section        0  libinit2.o(.ARM.Collect$$libinit$$0000001B)
    .ARM.Collect$$libinit$$0000001D          0x0000033a   Section        0  libinit2.o(.ARM.Collect$$libinit$$0000001D)
    .ARM.Collect$$libinit$$0000001F          0x0000033a   Section        0  libinit2.o(.ARM.Collect$$libinit$$0000001F)
    .ARM.Collect$$libinit$$00000021          0x0000033a   Section        0  libinit2.o(.ARM.Collect$$libinit$$00000021)
    .ARM.Collect$$libinit$$00000023          0x0000033a   Section        0  libinit2.o(.ARM.Collect$$libinit$$00000023)
    .ARM.Collect$$libinit$$00000025          0x0000033a   Section        0  libinit2.o(.ARM.Collect$$libinit$$00000025)
    .ARM.Collect$$libinit$$00000027          0x0000033a   Section        0  libinit2.o(.ARM.Collect$$libinit$$00000027)
    .ARM.Collect$$libinit$$0000002E          0x0000033a   Section        0  libinit2.o(.ARM.Collect$$libinit$$0000002E)
    .ARM.Collect$$libinit$$00000030          0x0000033a   Section        0  libinit2.o(.ARM.Collect$$libinit$$00000030)
    .ARM.Collect$$libinit$$00000032          0x0000033a   Section        0  libinit2.o(.ARM.Collect$$libinit$$00000032)
    .ARM.Collect$$libinit$$00000034          0x0000033a   Section        0  libinit2.o(.ARM.Collect$$libinit$$00000034)
    .ARM.Collect$$libinit$$00000035          0x0000033a   Section        2  libinit2.o(.ARM.Collect$$libinit$$00000035)
    .ARM.Collect$$libshutdown$$00000000      0x0000033c   Section        2  libshutdown.o(.ARM.Collect$$libshutdown$$00000000)
    .ARM.Collect$$libshutdown$$00000002      0x0000033e   Section        0  libshutdown2.o(.ARM.Collect$$libshutdown$$00000002)
    .ARM.Collect$$libshutdown$$00000004      0x0000033e   Section        0  libshutdown2.o(.ARM.Collect$$libshutdown$$00000004)
    .ARM.Collect$$libshutdown$$00000007      0x0000033e   Section        0  libshutdown2.o(.ARM.Collect$$libshutdown$$00000007)
    .ARM.Collect$$libshutdown$$0000000A      0x0000033e   Section        0  libshutdown2.o(.ARM.Collect$$libshutdown$$0000000A)
    .ARM.Collect$$libshutdown$$0000000C      0x0000033e   Section        0  libshutdown2.o(.ARM.Collect$$libshutdown$$0000000C)
    .ARM.Collect$$libshutdown$$0000000F      0x0000033e   Section        0  libshutdown2.o(.ARM.Collect$$libshutdown$$0000000F)
    .ARM.Collect$$libshutdown$$00000010      0x0000033e   Section        2  libshutdown2.o(.ARM.Collect$$libshutdown$$00000010)
    .ARM.Collect$$rtentry$$00000000          0x00000340   Section        0  __rtentry.o(.ARM.Collect$$rtentry$$00000000)
    .ARM.Collect$$rtentry$$00000002          0x00000340   Section        0  __rtentry2.o(.ARM.Collect$$rtentry$$00000002)
    .ARM.Collect$$rtentry$$00000004          0x00000340   Section        6  __rtentry4.o(.ARM.Collect$$rtentry$$00000004)
    .ARM.Collect$$rtentry$$00000009          0x00000346   Section        0  __rtentry2.o(.ARM.Collect$$rtentry$$00000009)
    .ARM.Collect$$rtentry$$0000000A          0x00000346   Section        4  __rtentry2.o(.ARM.Collect$$rtentry$$0000000A)
    .ARM.Collect$$rtentry$$0000000C          0x0000034a   Section        0  __rtentry2.o(.ARM.Collect$$rtentry$$0000000C)
    .ARM.Collect$$rtentry$$0000000D          0x0000034a   Section        8  __rtentry2.o(.ARM.Collect$$rtentry$$0000000D)
    .ARM.Collect$$rtexit$$00000000           0x00000352   Section        2  rtexit.o(.ARM.Collect$$rtexit$$00000000)
    .ARM.Collect$$rtexit$$00000002           0x00000354   Section        0  rtexit2.o(.ARM.Collect$$rtexit$$00000002)
    .ARM.Collect$$rtexit$$00000003           0x00000354   Section        4  rtexit2.o(.ARM.Collect$$rtexit$$00000003)
    .ARM.Collect$$rtexit$$00000004           0x00000358   Section        6  rtexit2.o(.ARM.Collect$$rtexit$$00000004)
    .text                                    0x00000360   Section       48  startup.o(.text)
    .text                                    0x00000390   Section       60  random.o(.text)
    .text                                    0x000003cc   Section       60  busywait.o(.text)
    .text                                    0x00000408   Section      444  stringconversion.o(.text)
    .text                                    0x000005c4   Section        0  heapauxi.o(.text)
    .text                                    0x000005ca   Section       74  sys_stackheap_outer.o(.text)
    .text                                    0x00000614   Section        0  exit.o(.text)
    .text                                    0x00000628   Section        8  libspace.o(.text)
    .text                                    0x00000630   Section        0  sys_exit.o(.text)
    .text                                    0x0000063c   Section        2  use_no_semi.o(.text)
    .text                                    0x0000063e   Section        0  indicate_semi.o(.text)
    [Anonymous Symbol]                       0x00000640   Section        0  texas.o(.text.ADC1_Init)
    [Anonymous Symbol]                       0x0000073c   Section        0  adc.o(.text.ADC_In)
    [Anonymous Symbol]                       0x00000784   Section        0  adc.o(.text.ADC_Init)
    [Anonymous Symbol]                       0x00000880   Section        0  brickbreaker.o(.text.Button_In)
    [Anonymous Symbol]                       0x00000890   Section        0  brickbreaker.o(.text.Button_Init)
    [Anonymous Symbol]                       0x000008d8   Section        0  brickbreaker.o(.text.Convert)
    [Anonymous Symbol]                       0x00000940   Section        0  dac.o(.text.DAC_Init)
    [Anonymous Symbol]                       0x00000998   Section        0  dac.o(.text.DAC_Out)
    [Anonymous Symbol]                       0x000009ac   Section        0  st7735.o(.text.Delay1ms)
    DelayMs                                  0x000009dd   Thumb Code    46  brickbreaker.o(.text.DelayMs)
    [Anonymous Symbol]                       0x000009dc   Section        0  brickbreaker.o(.text.DelayMs)
    [Anonymous Symbol]                       0x00000a0c   Section        0  brickbreaker.o(.text.DrawBall)
    [Anonymous Symbol]                       0x00000a40   Section        0  brickbreaker.o(.text.DrawBrick)
    [Anonymous Symbol]                       0x00000ab8   Section        0  brickbreaker.o(.text.DrawPaddle)
    [Anonymous Symbol]                       0x00000aec   Section        0  brickbreaker.o(.text.DrawPower)
    [Anonymous Symbol]                       0x00000b18   Section        0  button.o(.text.GPIOPortE_Handler)
    [Anonymous Symbol]                       0x00000b7c   Section        0  brickbreaker.o(.text.LangSelect)
    [Anonymous Symbol]                       0x00000bb8   Section        0  texas.o(.text.LogicAnalyzerA)
    [Anonymous Symbol]                       0x00000bd4   Section        0  texas.o(.text.LogicAnalyzerB)
    [Anonymous Symbol]                       0x00000bf0   Section        0  texas.o(.text.LogicAnalyzerC)
    [Anonymous Symbol]                       0x00000c0c   Section        0  texas.o(.text.LogicAnalyzerE)
    [Anonymous Symbol]                       0x00000c28   Section        0  texas.o(.text.LogicAnalyzerF)
    [Anonymous Symbol]                       0x00000c44   Section        0  brickbreaker.o(.text.Move)
    [Anonymous Symbol]                       0x00000d60   Section        0  st7735.o(.text.Output_Init)
    [Anonymous Symbol]                       0x00000d70   Section        0  pll.o(.text.PLL_Init)
    [Anonymous Symbol]                       0x00000dfc   Section        0  button.o(.text.PauseButton_Init)
    [Anonymous Symbol]                       0x00000eb8   Section        0  texas.o(.text.PeriodicTask2_Init)
    [Anonymous Symbol]                       0x00000fa0   Section        0  button.o(.text.RestartButton_Init)
    [Anonymous Symbol]                       0x00001040   Section        0  st7735.o(.text.ST7735_DrawBitmap)
    [Anonymous Symbol]                       0x0000128c   Section        0  st7735.o(.text.ST7735_DrawCharS)
    [Anonymous Symbol]                       0x00001440   Section        0  st7735.o(.text.ST7735_DrawPixel)
    [Anonymous Symbol]                       0x000014b0   Section        0  st7735.o(.text.ST7735_DrawString)
    [Anonymous Symbol]                       0x0000154c   Section        0  st7735.o(.text.ST7735_FillRect)
    [Anonymous Symbol]                       0x0000168c   Section        0  st7735.o(.text.ST7735_FillScreen)
    [Anonymous Symbol]                       0x000016c0   Section        0  st7735.o(.text.ST7735_InitR)
    [Anonymous Symbol]                       0x00001768   Section        0  st7735.o(.text.ST7735_OutChar)
    [Anonymous Symbol]                       0x0000187c   Section        0  st7735.o(.text.ST7735_OutString)
    [Anonymous Symbol]                       0x000018a0   Section        0  st7735.o(.text.ST7735_OutUDec)
    [Anonymous Symbol]                       0x00001960   Section        0  st7735.o(.text.ST7735_SetCursor)
    [Anonymous Symbol]                       0x00001998   Section        0  texas.o(.text.Scope)
    [Anonymous Symbol]                       0x000019b0   Section        0  texas.o(.text.TExaS_Init)
    [Anonymous Symbol]                       0x00001b18   Section        0  timer1a.o(.text.Timer1A_Handler)
    [Anonymous Symbol]                       0x00001b34   Section        0  timer1a.o(.text.Timer1A_Init)
    [Anonymous Symbol]                       0x00001bd4   Section        0  timer1a.o(.text.Timer1A_Stop)
    [Anonymous Symbol]                       0x00001bf0   Section        0  timer2a.o(.text.Timer2A_Handler)
    [Anonymous Symbol]                       0x00001c0c   Section        0  timer2a.o(.text.Timer2A_Init)
    [Anonymous Symbol]                       0x00001cac   Section        0  timer2a.o(.text.Timer2A_Stop)
    [Anonymous Symbol]                       0x00001cc8   Section        0  brickbreaker.o(.text.Timer3A_Handler)
    [Anonymous Symbol]                       0x00001dcc   Section        0  brickbreaker.o(.text.Timer3A_Init)
    [Anonymous Symbol]                       0x00001e60   Section        0  brickbreaker.o(.text.Timer3A_Stop)
    [Anonymous Symbol]                       0x00001e7c   Section        0  timer5a.o(.text.Timer5A_Handler)
    [Anonymous Symbol]                       0x00001e98   Section        0  texas.o(.text.UART0_Init)
    [Anonymous Symbol]                       0x00001f38   Section        0  brickbreaker.o(.text.brickCollision)
    commandList                              0x00002421   Thumb Code   170  st7735.o(.text.commandList)
    [Anonymous Symbol]                       0x00002420   Section        0  st7735.o(.text.commandList)
    commonInit                               0x000024cd   Thumb Code   418  st7735.o(.text.commonInit)
    [Anonymous Symbol]                       0x000024cc   Section        0  st7735.o(.text.commonInit)
    [Anonymous Symbol]                       0x00002670   Section        0  brickbreaker.o(.text.isBallMoved)
    [Anonymous Symbol]                       0x000026b8   Section        0  brickbreaker.o(.text.isShootStage)
    [Anonymous Symbol]                       0x000027e4   Section        0  brickbreaker.o(.text.main)
    [Anonymous Symbol]                       0x00002dac   Section        0  brickbreaker.o(.text.paddleCollision)
    [Anonymous Symbol]                       0x0000301c   Section        0  wave.o(.text.playsample)
    [Anonymous Symbol]                       0x0000307c   Section        0  wave.o(.text.playsound)
    [Anonymous Symbol]                       0x000030a8   Section        0  brickbreaker.o(.text.powerUpCollision)
    pushColor                                0x00003401   Thumb Code    28  st7735.o(.text.pushColor)
    [Anonymous Symbol]                       0x00003400   Section        0  st7735.o(.text.pushColor)
    [Anonymous Symbol]                       0x0000341c   Section        0  brickbreaker.o(.text.resetBallpos)
    setAddrWindow                            0x000034e1   Thumb Code   148  st7735.o(.text.setAddrWindow)
    [Anonymous Symbol]                       0x000034e0   Section        0  st7735.o(.text.setAddrWindow)
    [Anonymous Symbol]                       0x00003574   Section        0  brickbreaker.o(.text.wallCollision)
    [Anonymous Symbol]                       0x00003640   Section        0  st7735.o(.text.writecommand)
    [Anonymous Symbol]                       0x0000366c   Section        0  st7735.o(.text.writedata)
    Font                                     0x00005bf4   Data        1275  st7735.o(.rodata.Font)
    [Anonymous Symbol]                       0x00005bf4   Section        0  st7735.o(.rodata.Font)
    Rcmd1                                    0x00008702   Data          59  st7735.o(.rodata.Rcmd1)
    [Anonymous Symbol]                       0x00008702   Section        0  st7735.o(.rodata.Rcmd1)
    Rcmd2green                               0x0000873d   Data          13  st7735.o(.rodata.Rcmd2green)
    [Anonymous Symbol]                       0x0000873d   Section        0  st7735.o(.rodata.Rcmd2green)
    Rcmd2red                                 0x0000874a   Data          13  st7735.o(.rodata.Rcmd2red)
    [Anonymous Symbol]                       0x0000874a   Section        0  st7735.o(.rodata.Rcmd2red)
    Rcmd3                                    0x00008757   Data          43  st7735.o(.rodata.Rcmd3)
    [Anonymous Symbol]                       0x00008757   Section        0  st7735.o(.rodata.Rcmd3)
    .L.str                                   0x00015338   Data          22  st7735.o(.rodata.str1.1)
    [Anonymous Symbol]                       0x00015338   Section        0  st7735.o(.rodata.str1.1)
    _height                                  0x200000f4   Data           2  st7735.o(.data._height)
    [Anonymous Symbol]                       0x200000f4   Section        0  st7735.o(.data._height)
    _width                                   0x200000f6   Data           2  st7735.o(.data._width)
    [Anonymous Symbol]                       0x200000f6   Section        0  st7735.o(.data._width)
    brickId                                  0x200003dc   Data           1  brickbreaker.o(.data.brickId)
    [Anonymous Symbol]                       0x200003dc   Section        0  brickbreaker.o(.data.brickId)
    M                                        0x20000400   Data           4  random.o(DATA)
    DATA                                     0x20000400   Section        4  random.o(DATA)
    .bss                                     0x20000408   Section       96  libspace.o(.bss)
    ADCMail                                  0x20000468   Data           4  brickbreaker.o(.bss.ADCMail)
    [Anonymous Symbol]                       0x20000468   Section        0  brickbreaker.o(.bss.ADCMail)
    ColStart                                 0x2000046c   Data           1  st7735.o(.bss.ColStart)
    [Anonymous Symbol]                       0x2000046c   Section        0  st7735.o(.bss.ColStart)
    RowStart                                 0x2000048c   Data           1  st7735.o(.bss.RowStart)
    [Anonymous Symbol]                       0x2000048c   Section        0  st7735.o(.bss.RowStart)
    TabColor                                 0x20000498   Data           1  st7735.o(.bss.TabColor)
    [Anonymous Symbol]                       0x20000498   Section        0  st7735.o(.bss.TabColor)
    HeapMem                                  0x200004b8   Data           0  startup.o(HEAP)
    StackMem                                 0x200004b8   Data           0  startup.o(STACK)
    HEAP                                     0x200004b8   Section        0  startup.o(HEAP)
    STACK                                    0x200004b8   Section     1024  startup.o(STACK)

    Global Symbols

    Symbol Name                              Value     Ov Type        Size  Object(Section)

    BuildAttributes$$THM_ISAv4$E$P$D$K$B$S$7EM$PE$A:L22UL41UL21$X:L11$S22US41US21$IEEE1$IW$~IW$USESV6$~STKCKD$USESV7$~SHL$OSPACE$ROPI$EBA8$UX$STANDARDLIB$REQ8$PRES8$EABIv2 0x00000000   Number         0  anon$$obj.o ABSOLUTE
    __Vectors                                0x00000000   Data           0  startup.o(RESET)
    __fp_init_empty                          0x00000000   Number         0  fpinit_empty.o ABSOLUTE
    __ARM_exceptions_init                     - Undefined Weak Reference
    __alloca_initialize                       - Undefined Weak Reference
    __arm_preinit_                            - Undefined Weak Reference
    __arm_relocate_pie_                       - Undefined Weak Reference
    __cpp_initialize__aeabi_                  - Undefined Weak Reference
    __cxa_finalize                            - Undefined Weak Reference
    __rt_locale                               - Undefined Weak Reference
    __sigvec_lookup                           - Undefined Weak Reference
    _atexit_init                              - Undefined Weak Reference
    _call_atexit_fns                          - Undefined Weak Reference
    _clock_init                               - Undefined Weak Reference
    _fp_trap_init                             - Undefined Weak Reference
    _fp_trap_shutdown                         - Undefined Weak Reference
    _get_lc_collate                           - Undefined Weak Reference
    _get_lc_ctype                             - Undefined Weak Reference
    _get_lc_monetary                          - Undefined Weak Reference
    _get_lc_numeric                           - Undefined Weak Reference
    _get_lc_time                              - Undefined Weak Reference
    _getenv_init                              - Undefined Weak Reference
    _handle_redirection                       - Undefined Weak Reference
    _init_alloc                               - Undefined Weak Reference
    _init_user_alloc                          - Undefined Weak Reference
    _initio                                   - Undefined Weak Reference
    _rand_init                                - Undefined Weak Reference
    _signal_finish                            - Undefined Weak Reference
    _signal_init                              - Undefined Weak Reference
    _terminate_alloc                          - Undefined Weak Reference
    _terminate_user_alloc                     - Undefined Weak Reference
    _terminateio                              - Undefined Weak Reference
    Reset_Handler                            0x0000026d   Thumb Code     0  startup.o(RESET)
    NMI_Handler                              0x00000271   Thumb Code     2  startup.o(RESET)
    HardFault_Handler                        0x00000273   Thumb Code     2  startup.o(RESET)
    MemManage_Handler                        0x00000275   Thumb Code     2  startup.o(RESET)
    BusFault_Handler                         0x00000277   Thumb Code     2  startup.o(RESET)
    UsageFault_Handler                       0x00000279   Thumb Code     2  startup.o(RESET)
    SVC_Handler                              0x0000027b   Thumb Code     2  startup.o(RESET)
    DebugMon_Handler                         0x0000027d   Thumb Code     2  startup.o(RESET)
    PendSV_Handler                           0x0000027f   Thumb Code     2  startup.o(RESET)
    SysTick_Handler                          0x00000281   Thumb Code     2  startup.o(RESET)
    ADC0Seq0_Handler                         0x00000283   Thumb Code     0  startup.o(RESET)
    ADC0Seq1_Handler                         0x00000283   Thumb Code     0  startup.o(RESET)
    ADC0Seq2_Handler                         0x00000283   Thumb Code     0  startup.o(RESET)
    ADC0Seq3_Handler                         0x00000283   Thumb Code     0  startup.o(RESET)
    ADC1Seq0_Handler                         0x00000283   Thumb Code     0  startup.o(RESET)
    ADC1Seq1_Handler                         0x00000283   Thumb Code     0  startup.o(RESET)
    ADC1Seq2_Handler                         0x00000283   Thumb Code     0  startup.o(RESET)
    ADC1Seq3_Handler                         0x00000283   Thumb Code     0  startup.o(RESET)
    CAN0_Handler                             0x00000283   Thumb Code     0  startup.o(RESET)
    CAN1_Handler                             0x00000283   Thumb Code     0  startup.o(RESET)
    CAN2_Handler                             0x00000283   Thumb Code     0  startup.o(RESET)
    Comp0_Handler                            0x00000283   Thumb Code     0  startup.o(RESET)
    Comp1_Handler                            0x00000283   Thumb Code     0  startup.o(RESET)
    Comp2_Handler                            0x00000283   Thumb Code     0  startup.o(RESET)
    Ethernet_Handler                         0x00000283   Thumb Code     0  startup.o(RESET)
    ExtBus_Handler                           0x00000283   Thumb Code     0  startup.o(RESET)
    FPU_Handler                              0x00000283   Thumb Code     0  startup.o(RESET)
    Fan0_Handler                             0x00000283   Thumb Code     0  startup.o(RESET)
    FlashCtl_Handler                         0x00000283   Thumb Code     0  startup.o(RESET)
    GPIOPortA_Handler                        0x00000283   Thumb Code     0  startup.o(RESET)
    GPIOPortB_Handler                        0x00000283   Thumb Code     0  startup.o(RESET)
    GPIOPortC_Handler                        0x00000283   Thumb Code     0  startup.o(RESET)
    GPIOPortD_Handler                        0x00000283   Thumb Code     0  startup.o(RESET)
    GPIOPortF_Handler                        0x00000283   Thumb Code     0  startup.o(RESET)
    GPIOPortG_Handler                        0x00000283   Thumb Code     0  startup.o(RESET)
    GPIOPortH_Handler                        0x00000283   Thumb Code     0  startup.o(RESET)
    GPIOPortJ_Handler                        0x00000283   Thumb Code     0  startup.o(RESET)
    GPIOPortK_Handler                        0x00000283   Thumb Code     0  startup.o(RESET)
    GPIOPortL_Handler                        0x00000283   Thumb Code     0  startup.o(RESET)
    GPIOPortM_Handler                        0x00000283   Thumb Code     0  startup.o(RESET)
    GPIOPortN_Handler                        0x00000283   Thumb Code     0  startup.o(RESET)
    GPIOPortP1_Handler                       0x00000283   Thumb Code     0  startup.o(RESET)
    GPIOPortP2_Handler                       0x00000283   Thumb Code     0  startup.o(RESET)
    GPIOPortP3_Handler                       0x00000283   Thumb Code     0  startup.o(RESET)
    GPIOPortP4_Handler                       0x00000283   Thumb Code     0  startup.o(RESET)
    GPIOPortP5_Handler                       0x00000283   Thumb Code     0  startup.o(RESET)
    GPIOPortP6_Handler                       0x00000283   Thumb Code     0  startup.o(RESET)
    GPIOPortP7_Handler                       0x00000283   Thumb Code     0  startup.o(RESET)
    GPIOPortP_Handler                        0x00000283   Thumb Code     0  startup.o(RESET)
    GPIOPortQ1_Handler                       0x00000283   Thumb Code     0  startup.o(RESET)
    GPIOPortQ2_Handler                       0x00000283   Thumb Code     0  startup.o(RESET)
    GPIOPortQ3_Handler                       0x00000283   Thumb Code     0  startup.o(RESET)
    GPIOPortQ4_Handler                       0x00000283   Thumb Code     0  startup.o(RESET)
    GPIOPortQ5_Handler                       0x00000283   Thumb Code     0  startup.o(RESET)
    GPIOPortQ6_Handler                       0x00000283   Thumb Code     0  startup.o(RESET)
    GPIOPortQ7_Handler                       0x00000283   Thumb Code     0  startup.o(RESET)
    GPIOPortQ_Handler                        0x00000283   Thumb Code     0  startup.o(RESET)
    GPIOPortR_Handler                        0x00000283   Thumb Code     0  startup.o(RESET)
    GPIOPortS_Handler                        0x00000283   Thumb Code     0  startup.o(RESET)
    Hibernate_Handler                        0x00000283   Thumb Code     0  startup.o(RESET)
    I2C0_Handler                             0x00000283   Thumb Code     0  startup.o(RESET)
    I2C1_Handler                             0x00000283   Thumb Code     0  startup.o(RESET)
    I2C2_Handler                             0x00000283   Thumb Code     0  startup.o(RESET)
    I2C3_Handler                             0x00000283   Thumb Code     0  startup.o(RESET)
    I2C4_Handler                             0x00000283   Thumb Code     0  startup.o(RESET)
    I2C5_Handler                             0x00000283   Thumb Code     0  startup.o(RESET)
    I2S0_Handler                             0x00000283   Thumb Code     0  startup.o(RESET)
    LPC0_Handler                             0x00000283   Thumb Code     0  startup.o(RESET)
    PECI0_Handler                            0x00000283   Thumb Code     0  startup.o(RESET)
    PWM0Fault_Handler                        0x00000283   Thumb Code     0  startup.o(RESET)
    PWM0Generator0_Handler                   0x00000283   Thumb Code     0  startup.o(RESET)
    PWM0Generator1_Handler                   0x00000283   Thumb Code     0  startup.o(RESET)
    PWM0Generator2_Handler                   0x00000283   Thumb Code     0  startup.o(RESET)
    PWM0Generator3_Handler                   0x00000283   Thumb Code     0  startup.o(RESET)
    PWM1Fault_Handler                        0x00000283   Thumb Code     0  startup.o(RESET)
    PWM1Generator0_Handler                   0x00000283   Thumb Code     0  startup.o(RESET)
    PWM1Generator1_Handler                   0x00000283   Thumb Code     0  startup.o(RESET)
    PWM1Generator2_Handler                   0x00000283   Thumb Code     0  startup.o(RESET)
    PWM1Generator3_Handler                   0x00000283   Thumb Code     0  startup.o(RESET)
    Quadrature0_Handler                      0x00000283   Thumb Code     0  startup.o(RESET)
    Quadrature1_Handler                      0x00000283   Thumb Code     0  startup.o(RESET)
    Quadrature2_Handler                      0x00000283   Thumb Code     0  startup.o(RESET)
    SSI0_Handler                             0x00000283   Thumb Code     0  startup.o(RESET)
    SSI1_Handler                             0x00000283   Thumb Code     0  startup.o(RESET)
    SSI2_Handler                             0x00000283   Thumb Code     0  startup.o(RESET)
    SSI3_Handler                             0x00000283   Thumb Code     0  startup.o(RESET)
    SysCtl_Handler                           0x00000283   Thumb Code     0  startup.o(RESET)
    Timer0A_Handler                          0x00000283   Thumb Code     0  startup.o(RESET)
    Timer0B_Handler                          0x00000283   Thumb Code     0  startup.o(RESET)
    Timer1B_Handler                          0x00000283   Thumb Code     0  startup.o(RESET)
    Timer2B_Handler                          0x00000283   Thumb Code     0  startup.o(RESET)
    Timer3B_Handler                          0x00000283   Thumb Code     0  startup.o(RESET)
    Timer4A_Handler                          0x00000283   Thumb Code     0  startup.o(RESET)
    Timer4B_Handler                          0x00000283   Thumb Code     0  startup.o(RESET)
    Timer5B_Handler                          0x00000283   Thumb Code     0  startup.o(RESET)
    UART0_Handler                            0x00000283   Thumb Code     0  startup.o(RESET)
    UART1_Handler                            0x00000283   Thumb Code     0  startup.o(RESET)
    UART2_Handler                            0x00000283   Thumb Code     0  startup.o(RESET)
    UART3_Handler                            0x00000283   Thumb Code     0  startup.o(RESET)
    UART4_Handler                            0x00000283   Thumb Code     0  startup.o(RESET)
    UART5_Handler                            0x00000283   Thumb Code     0  startup.o(RESET)
    UART6_Handler                            0x00000283   Thumb Code     0  startup.o(RESET)
    UART7_Handler                            0x00000283   Thumb Code     0  startup.o(RESET)
    USB0_Handler                             0x00000283   Thumb Code     0  startup.o(RESET)
    WDT_Handler                              0x00000283   Thumb Code     0  startup.o(RESET)
    WideTimer0A_Handler                      0x00000283   Thumb Code     0  startup.o(RESET)
    WideTimer0B_Handler                      0x00000283   Thumb Code     0  startup.o(RESET)
    WideTimer1A_Handler                      0x00000283   Thumb Code     0  startup.o(RESET)
    WideTimer1B_Handler                      0x00000283   Thumb Code     0  startup.o(RESET)
    WideTimer2A_Handler                      0x00000283   Thumb Code     0  startup.o(RESET)
    WideTimer2B_Handler                      0x00000283   Thumb Code     0  startup.o(RESET)
    WideTimer3A_Handler                      0x00000283   Thumb Code     0  startup.o(RESET)
    WideTimer3B_Handler                      0x00000283   Thumb Code     0  startup.o(RESET)
    WideTimer4A_Handler                      0x00000283   Thumb Code     0  startup.o(RESET)
    WideTimer4B_Handler                      0x00000283   Thumb Code     0  startup.o(RESET)
    WideTimer5A_Handler                      0x00000283   Thumb Code     0  startup.o(RESET)
    WideTimer5B_Handler                      0x00000283   Thumb Code     0  startup.o(RESET)
    uDMA_Error                               0x00000283   Thumb Code     0  startup.o(RESET)
    uDMA_Handler                             0x00000283   Thumb Code     0  startup.o(RESET)
    __main                                   0x00000285   Thumb Code     8  __main.o(!!!main)
    __scatterload                            0x0000028d   Thumb Code     0  __scatter.o(!!!scatter)
    __scatterload_rt2                        0x0000028d   Thumb Code    44  __scatter.o(!!!scatter)
    __scatterload_rt2_thumb_only             0x0000028d   Thumb Code     0  __scatter.o(!!!scatter)
    __scatterload_null                       0x0000029b   Thumb Code     0  __scatter.o(!!!scatter)
    __decompress                             0x000002c1   Thumb Code    90  __dczerorl2.o(!!dczerorl2)
    __decompress1                            0x000002c1   Thumb Code     0  __dczerorl2.o(!!dczerorl2)
    __scatterload_zeroinit                   0x0000031d   Thumb Code    28  __scatter_zi.o(!!handler_zi)
    __rt_lib_init                            0x00000339   Thumb Code     0  libinit.o(.ARM.Collect$$libinit$$00000000)
    __rt_lib_init_alloca_1                   0x0000033b   Thumb Code     0  libinit2.o(.ARM.Collect$$libinit$$00000030)
    __rt_lib_init_argv_1                     0x0000033b   Thumb Code     0  libinit2.o(.ARM.Collect$$libinit$$0000002E)
    __rt_lib_init_atexit_1                   0x0000033b   Thumb Code     0  libinit2.o(.ARM.Collect$$libinit$$0000001D)
    __rt_lib_init_clock_1                    0x0000033b   Thumb Code     0  libinit2.o(.ARM.Collect$$libinit$$00000023)
    __rt_lib_init_cpp_1                      0x0000033b   Thumb Code     0  libinit2.o(.ARM.Collect$$libinit$$00000034)
    __rt_lib_init_exceptions_1               0x0000033b   Thumb Code     0  libinit2.o(.ARM.Collect$$libinit$$00000032)
    __rt_lib_init_fp_1                       0x0000033b   Thumb Code     0  libinit2.o(.ARM.Collect$$libinit$$00000002)
    __rt_lib_init_fp_trap_1                  0x0000033b   Thumb Code     0  libinit2.o(.ARM.Collect$$libinit$$00000021)
    __rt_lib_init_getenv_1                   0x0000033b   Thumb Code     0  libinit2.o(.ARM.Collect$$libinit$$00000025)
    __rt_lib_init_heap_1                     0x0000033b   Thumb Code     0  libinit2.o(.ARM.Collect$$libinit$$0000000C)
    __rt_lib_init_lc_collate_1               0x0000033b   Thumb Code     0  libinit2.o(.ARM.Collect$$libinit$$00000013)
    __rt_lib_init_lc_ctype_1                 0x0000033b   Thumb Code     0  libinit2.o(.ARM.Collect$$libinit$$00000015)
    __rt_lib_init_lc_monetary_1              0x0000033b   Thumb Code     0  libinit2.o(.ARM.Collect$$libinit$$00000017)
    __rt_lib_init_lc_numeric_1               0x0000033b   Thumb Code     0  libinit2.o(.ARM.Collect$$libinit$$00000019)
    __rt_lib_init_lc_time_1                  0x0000033b   Thumb Code     0  libinit2.o(.ARM.Collect$$libinit$$0000001B)
    __rt_lib_init_preinit_1                  0x0000033b   Thumb Code     0  libinit2.o(.ARM.Collect$$libinit$$00000006)
    __rt_lib_init_rand_1                     0x0000033b   Thumb Code     0  libinit2.o(.ARM.Collect$$libinit$$00000010)
    __rt_lib_init_relocate_pie_1             0x0000033b   Thumb Code     0  libinit2.o(.ARM.Collect$$libinit$$00000004)
    __rt_lib_init_return                     0x0000033b   Thumb Code     0  libinit2.o(.ARM.Collect$$libinit$$00000035)
    __rt_lib_init_signal_1                   0x0000033b   Thumb Code     0  libinit2.o(.ARM.Collect$$libinit$$0000001F)
    __rt_lib_init_stdio_1                    0x0000033b   Thumb Code     0  libinit2.o(.ARM.Collect$$libinit$$00000027)
    __rt_lib_init_user_alloc_1               0x0000033b   Thumb Code     0  libinit2.o(.ARM.Collect$$libinit$$0000000E)
    __rt_lib_shutdown                        0x0000033d   Thumb Code     0  libshutdown.o(.ARM.Collect$$libshutdown$$00000000)
    __rt_lib_shutdown_cpp_1                  0x0000033f   Thumb Code     0  libshutdown2.o(.ARM.Collect$$libshutdown$$00000002)
    __rt_lib_shutdown_fp_trap_1              0x0000033f   Thumb Code     0  libshutdown2.o(.ARM.Collect$$libshutdown$$00000007)
    __rt_lib_shutdown_heap_1                 0x0000033f   Thumb Code     0  libshutdown2.o(.ARM.Collect$$libshutdown$$0000000F)
    __rt_lib_shutdown_return                 0x0000033f   Thumb Code     0  libshutdown2.o(.ARM.Collect$$libshutdown$$00000010)
    __rt_lib_shutdown_signal_1               0x0000033f   Thumb Code     0  libshutdown2.o(.ARM.Collect$$libshutdown$$0000000A)
    __rt_lib_shutdown_stdio_1                0x0000033f   Thumb Code     0  libshutdown2.o(.ARM.Collect$$libshutdown$$00000004)
    __rt_lib_shutdown_user_alloc_1           0x0000033f   Thumb Code     0  libshutdown2.o(.ARM.Collect$$libshutdown$$0000000C)
    __rt_entry                               0x00000341   Thumb Code     0  __rtentry.o(.ARM.Collect$$rtentry$$00000000)
    __rt_entry_presh_1                       0x00000341   Thumb Code     0  __rtentry2.o(.ARM.Collect$$rtentry$$00000002)
    __rt_entry_sh                            0x00000341   Thumb Code     0  __rtentry4.o(.ARM.Collect$$rtentry$$00000004)
    __rt_entry_li                            0x00000347   Thumb Code     0  __rtentry2.o(.ARM.Collect$$rtentry$$0000000A)
    __rt_entry_postsh_1                      0x00000347   Thumb Code     0  __rtentry2.o(.ARM.Collect$$rtentry$$00000009)
    __rt_entry_main                          0x0000034b   Thumb Code     0  __rtentry2.o(.ARM.Collect$$rtentry$$0000000D)
    __rt_entry_postli_1                      0x0000034b   Thumb Code     0  __rtentry2.o(.ARM.Collect$$rtentry$$0000000C)
    __rt_exit                                0x00000353   Thumb Code     0  rtexit.o(.ARM.Collect$$rtexit$$00000000)
    __rt_exit_ls                             0x00000355   Thumb Code     0  rtexit2.o(.ARM.Collect$$rtexit$$00000003)
    __rt_exit_prels_1                        0x00000355   Thumb Code     0  rtexit2.o(.ARM.Collect$$rtexit$$00000002)
    __rt_exit_exit                           0x00000359   Thumb Code     0  rtexit2.o(.ARM.Collect$$rtexit$$00000004)
    DisableInterrupts                        0x00000361   Thumb Code     0  startup.o(.text)
    EnableInterrupts                         0x00000365   Thumb Code     0  startup.o(.text)
    StartCritical                            0x00000369   Thumb Code     0  startup.o(.text)
    EndCritical                              0x00000371   Thumb Code     0  startup.o(.text)
    WaitForInterrupt                         0x00000377   Thumb Code     0  startup.o(.text)
    __user_initial_stackheap                 0x0000037b   Thumb Code     0  startup.o(.text)
    Random_Init                              0x00000391   Thumb Code     0  random.o(.text)
    Random32                                 0x00000397   Thumb Code     2  random.o(.text)
    Random                                   0x000003a9   Thumb Code     2  random.o(.text)
    SPIOutCommand                            0x000003cd   Thumb Code     0  busywait.o(.text)
    SPIOutData                               0x000003ef   Thumb Code     0  busywait.o(.text)
    Dec2String                               0x00000409   Thumb Code     0  stringconversion.o(.text)
    Fix2String                               0x00000487   Thumb Code     0  stringconversion.o(.text)
    __use_two_region_memory                  0x000005c5   Thumb Code     2  heapauxi.o(.text)
    __rt_heap_escrow$2region                 0x000005c7   Thumb Code     2  heapauxi.o(.text)
    __rt_heap_expand$2region                 0x000005c9   Thumb Code     2  heapauxi.o(.text)
    __user_setup_stackheap                   0x000005cb   Thumb Code    74  sys_stackheap_outer.o(.text)
    exit                                     0x00000615   Thumb Code    18  exit.o(.text)
    __user_libspace                          0x00000629   Thumb Code     8  libspace.o(.text)
    __user_perproc_libspace                  0x00000629   Thumb Code     0  libspace.o(.text)
    __user_perthread_libspace                0x00000629   Thumb Code     0  libspace.o(.text)
    _sys_exit                                0x00000631   Thumb Code     8  sys_exit.o(.text)
    __I$use$semihosting                      0x0000063d   Thumb Code     0  use_no_semi.o(.text)
    __use_no_semihosting_swi                 0x0000063d   Thumb Code     2  use_no_semi.o(.text)
    __semihosting_library_function           0x0000063f   Thumb Code     0  indicate_semi.o(.text)
    ADC1_Init                                0x00000641   Thumb Code   252  texas.o(.text.ADC1_Init)
    ADC_In                                   0x0000073d   Thumb Code    70  adc.o(.text.ADC_In)
    ADC_Init                                 0x00000785   Thumb Code   250  adc.o(.text.ADC_Init)
    Button_In                                0x00000881   Thumb Code    16  brickbreaker.o(.text.Button_In)
    Button_Init                              0x00000891   Thumb Code    70  brickbreaker.o(.text.Button_Init)
    Convert                                  0x000008d9   Thumb Code   102  brickbreaker.o(.text.Convert)
    DAC_Init                                 0x00000941   Thumb Code    86  dac.o(.text.DAC_Init)
    DAC_Out                                  0x00000999   Thumb Code    20  dac.o(.text.DAC_Out)
    Delay1ms                                 0x000009ad   Thumb Code    46  st7735.o(.text.Delay1ms)
    DrawBall                                 0x00000a0d   Thumb Code    52  brickbreaker.o(.text.DrawBall)
    DrawBrick                                0x00000a41   Thumb Code   120  brickbreaker.o(.text.DrawBrick)
    DrawPaddle                               0x00000ab9   Thumb Code    52  brickbreaker.o(.text.DrawPaddle)
    DrawPower                                0x00000aed   Thumb Code    42  brickbreaker.o(.text.DrawPower)
    GPIOPortE_Handler                        0x00000b19   Thumb Code   100  button.o(.text.GPIOPortE_Handler)
    LangSelect                               0x00000b7d   Thumb Code    58  brickbreaker.o(.text.LangSelect)
    LogicAnalyzerA                           0x00000bb9   Thumb Code    28  texas.o(.text.LogicAnalyzerA)
    LogicAnalyzerB                           0x00000bd5   Thumb Code    26  texas.o(.text.LogicAnalyzerB)
    LogicAnalyzerC                           0x00000bf1   Thumb Code    28  texas.o(.text.LogicAnalyzerC)
    LogicAnalyzerE                           0x00000c0d   Thumb Code    26  texas.o(.text.LogicAnalyzerE)
    LogicAnalyzerF                           0x00000c29   Thumb Code    26  texas.o(.text.LogicAnalyzerF)
    Move                                     0x00000c45   Thumb Code   282  brickbreaker.o(.text.Move)
    Output_Init                              0x00000d61   Thumb Code    16  st7735.o(.text.Output_Init)
    PLL_Init                                 0x00000d71   Thumb Code   138  pll.o(.text.PLL_Init)
    PauseButton_Init                         0x00000dfd   Thumb Code   188  button.o(.text.PauseButton_Init)
    PeriodicTask2_Init                       0x00000eb9   Thumb Code   232  texas.o(.text.PeriodicTask2_Init)
    RestartButton_Init                       0x00000fa1   Thumb Code   158  button.o(.text.RestartButton_Init)
    ST7735_DrawBitmap                        0x00001041   Thumb Code   588  st7735.o(.text.ST7735_DrawBitmap)
    ST7735_DrawCharS                         0x0000128d   Thumb Code   436  st7735.o(.text.ST7735_DrawCharS)
    ST7735_DrawPixel                         0x00001441   Thumb Code   112  st7735.o(.text.ST7735_DrawPixel)
    ST7735_DrawString                        0x000014b1   Thumb Code   154  st7735.o(.text.ST7735_DrawString)
    ST7735_FillRect                          0x0000154d   Thumb Code   318  st7735.o(.text.ST7735_FillRect)
    ST7735_FillScreen                        0x0000168d   Thumb Code    52  st7735.o(.text.ST7735_FillScreen)
    ST7735_InitR                             0x000016c1   Thumb Code   166  st7735.o(.text.ST7735_InitR)
    ST7735_OutChar                           0x00001769   Thumb Code   276  st7735.o(.text.ST7735_OutChar)
    ST7735_OutString                         0x0000187d   Thumb Code    36  st7735.o(.text.ST7735_OutString)
    ST7735_OutUDec                           0x000018a1   Thumb Code   190  st7735.o(.text.ST7735_OutUDec)
    ST7735_SetCursor                         0x00001961   Thumb Code    54  st7735.o(.text.ST7735_SetCursor)
    Scope                                    0x00001999   Thumb Code    24  texas.o(.text.Scope)
    TExaS_Init                               0x000019b1   Thumb Code   360  texas.o(.text.TExaS_Init)
    Timer1A_Handler                          0x00001b19   Thumb Code    28  timer1a.o(.text.Timer1A_Handler)
    Timer1A_Init                             0x00001b35   Thumb Code   160  timer1a.o(.text.Timer1A_Init)
    Timer1A_Stop                             0x00001bd5   Thumb Code    28  timer1a.o(.text.Timer1A_Stop)
    Timer2A_Handler                          0x00001bf1   Thumb Code    28  timer2a.o(.text.Timer2A_Handler)
    Timer2A_Init                             0x00001c0d   Thumb Code   160  timer2a.o(.text.Timer2A_Init)
    Timer2A_Stop                             0x00001cad   Thumb Code    28  timer2a.o(.text.Timer2A_Stop)
    Timer3A_Handler                          0x00001cc9   Thumb Code   258  brickbreaker.o(.text.Timer3A_Handler)
    Timer3A_Init                             0x00001dcd   Thumb Code   148  brickbreaker.o(.text.Timer3A_Init)
    Timer3A_Stop                             0x00001e61   Thumb Code    26  brickbreaker.o(.text.Timer3A_Stop)
    Timer5A_Handler                          0x00001e7d   Thumb Code    28  timer5a.o(.text.Timer5A_Handler)
    UART0_Init                               0x00001e99   Thumb Code   160  texas.o(.text.UART0_Init)
    brickCollision                           0x00001f39   Thumb Code  1254  brickbreaker.o(.text.brickCollision)
    isBallMoved                              0x00002671   Thumb Code    72  brickbreaker.o(.text.isBallMoved)
    isShootStage                             0x000026b9   Thumb Code   298  brickbreaker.o(.text.isShootStage)
    main                                     0x000027e5   Thumb Code  1480  brickbreaker.o(.text.main)
    paddleCollision                          0x00002dad   Thumb Code   624  brickbreaker.o(.text.paddleCollision)
    playsample                               0x0000301d   Thumb Code    96  wave.o(.text.playsample)
    playsound                                0x0000307d   Thumb Code    44  wave.o(.text.playsound)
    powerUpCollision                         0x000030a9   Thumb Code   854  brickbreaker.o(.text.powerUpCollision)
    resetBallpos                             0x0000341d   Thumb Code   194  brickbreaker.o(.text.resetBallpos)
    wallCollision                            0x00003575   Thumb Code   202  brickbreaker.o(.text.wallCollision)
    writecommand                             0x00003641   Thumb Code    44  st7735.o(.text.writecommand)
    writedata                                0x0000366d   Thumb Code    44  st7735.o(.text.writedata)
    ChooseYourLang                           0x00003698   Data        8140  brickbreaker.o(.rodata.ChooseYourLang)
    DestroyedBrick                           0x00005664   Data         624  brickbreaker.o(.rodata.DestroyedBrick)
    ExtraLife                                0x000058d4   Data         800  brickbreaker.o(.rodata.ExtraLife)
    Goodbye_English                          0x000060ef   Data           8  brickbreaker.o(.rodata.Goodbye_English)
    Goodbye_Spanish                          0x000060f7   Data           6  brickbreaker.o(.rodata.Goodbye_Spanish)
    Hello_English                            0x000060fd   Data           6  brickbreaker.o(.rodata.Hello_English)
    Hello_Spanish                            0x00006103   Data           7  brickbreaker.o(.rodata.Hello_Spanish)
    ImpenetrableBrick                        0x0000610a   Data         624  brickbreaker.o(.rodata.ImpenetrableBrick)
    LB                                       0x0000637a   Data         728  brickbreaker.o(.rodata.LB)
    Language_English                         0x00006652   Data           8  brickbreaker.o(.rodata.Language_English)
    Language_Spanish                         0x0000665a   Data           8  brickbreaker.o(.rodata.Language_Spanish)
    Lives_English                            0x00006662   Data           7  brickbreaker.o(.rodata.Lives_English)
    Lives_Spanish                            0x00006669   Data           7  brickbreaker.o(.rodata.Lives_Spanish)
    LongPaddle                               0x00006670   Data         512  brickbreaker.o(.rodata.LongPaddle)
    Lose_English                             0x00006870   Data          10  brickbreaker.o(.rodata.Lose_English)
    Lose_Spanish                             0x0000687a   Data          12  brickbreaker.o(.rodata.Lose_Spanish)
    MexicoFlag                               0x00006886   Data        1024  brickbreaker.o(.rodata.MexicoFlag)
    NoBound                                  0x00006c86   Data         800  brickbreaker.o(.rodata.NoBound)
    OrangeBrick1                             0x00006fa6   Data         624  brickbreaker.o(.rodata.OrangeBrick1)
    OrangeBrick2                             0x00007216   Data         624  brickbreaker.o(.rodata.OrangeBrick2)
    OrangeBrick3                             0x00007486   Data         624  brickbreaker.o(.rodata.OrangeBrick3)
    OrangeBrick4                             0x000076f6   Data         624  brickbreaker.o(.rodata.OrangeBrick4)
    PlusLen                                  0x00007966   Data         800  brickbreaker.o(.rodata.PlusLen)
    PurpleBrick1                             0x00007c86   Data         624  brickbreaker.o(.rodata.PurpleBrick1)
    PurpleBrick2                             0x00007ef6   Data         624  brickbreaker.o(.rodata.PurpleBrick2)
    PurpleBrick3                             0x00008166   Data         624  brickbreaker.o(.rodata.PurpleBrick3)
    RB                                       0x000083d6   Data         812  brickbreaker.o(.rodata.RB)
    Score_Enlish                             0x00008782   Data           8  brickbreaker.o(.rodata.Score_Enlish)
    Score_Spanish                            0x0000878a   Data           8  brickbreaker.o(.rodata.Score_Spanish)
    Time_English                             0x00008792   Data           8  brickbreaker.o(.rodata.Time_English)
    Time_Spanish                             0x0000879a   Data           8  brickbreaker.o(.rodata.Time_Spanish)
    Title                                    0x000087a2   Data       11070  brickbreaker.o(.rodata.Title)
    USAFlag                                  0x0000b2e0   Data        1024  brickbreaker.o(.rodata.USAFlag)
    WhiteBrick1                              0x0000b6e0   Data         624  brickbreaker.o(.rodata.WhiteBrick1)
    WhiteBrick2                              0x0000b950   Data         624  brickbreaker.o(.rodata.WhiteBrick2)
    WhiteBrick3                              0x0000bbc0   Data         624  brickbreaker.o(.rodata.WhiteBrick3)
    WhiteBrick4                              0x0000be30   Data         624  brickbreaker.o(.rodata.WhiteBrick4)
    WhiteBrick5                              0x0000c0a0   Data         624  brickbreaker.o(.rodata.WhiteBrick5)
    Win_English                              0x0000c310   Data           9  brickbreaker.o(.rodata.Win_English)
    Win_Spanish                              0x0000c319   Data          10  brickbreaker.o(.rodata.Win_Spanish)
    brickball                                0x0000c324   Data         200  brickbreaker.o(.rodata.brickball)
    explode                                  0x0000c3ec   Data        3924  wave.o(.rodata.explode)
    hit01                                    0x0000d340   Data        4568  wave.o(.rodata.hit01)
    losegamemusic                            0x0000e518   Data       27936  wave.o(.rodata.losegamemusic)
    paddle                                   0x00015238   Data         256  brickbreaker.o(.rodata.paddle)
    victory1                                 0x0001534e   Data       40320  wave.o(.rodata.victory1)
    woodBrick1                               0x0001f0ce   Data         624  brickbreaker.o(.rodata.woodBrick1)
    woodBrick2                               0x0001f33e   Data         624  brickbreaker.o(.rodata.woodBrick2)
    Region$$Table$$Base                      0x0001f5b0   Number         0  anon$$obj.o(Region$$Table)
    Region$$Table$$Limit                     0x0001f5d0   Number         0  anon$$obj.o(Region$$Table)
    ExtraLiveP                               0x20000000   Data          12  brickbreaker.o(.data.ExtraLiveP)
    ImpenetrableBricks                       0x2000000c   Data          24  brickbreaker.o(.data.ImpenetrableBricks)
    NoBoundP                                 0x20000024   Data          12  brickbreaker.o(.data.NoBoundP)
    OrangeBricks                             0x20000030   Data          24  brickbreaker.o(.data.OrangeBricks)
    Phrases                                  0x20000048   Data          64  brickbreaker.o(.data.Phrases)
    PurpleBricks                             0x20000088   Data          24  brickbreaker.o(.data.PurpleBricks)
    StTextColor                              0x200000a0   Data           2  st7735.o(.data.StTextColor)
    UserPaddle                               0x200000a4   Data          20  brickbreaker.o(.data.UserPaddle)
    WhiteBricks                              0x200000b8   Data          24  brickbreaker.o(.data.WhiteBricks)
    WidenP                                   0x200000d0   Data          12  brickbreaker.o(.data.WidenP)
    WoodBricks                               0x200000dc   Data          24  brickbreaker.o(.data.WoodBricks)
    b0                                       0x200000f8   Data          32  brickbreaker.o(.data.b0)
    b1                                       0x20000118   Data          32  brickbreaker.o(.data.b1)
    b10                                      0x20000138   Data          32  brickbreaker.o(.data.b10)
    b11                                      0x20000158   Data          32  brickbreaker.o(.data.b11)
    b12                                      0x20000178   Data          32  brickbreaker.o(.data.b12)
    b13                                      0x20000198   Data          32  brickbreaker.o(.data.b13)
    b14                                      0x200001b8   Data          32  brickbreaker.o(.data.b14)
    b15                                      0x200001d8   Data          32  brickbreaker.o(.data.b15)
    b16                                      0x200001f8   Data          32  brickbreaker.o(.data.b16)
    b17                                      0x20000218   Data          32  brickbreaker.o(.data.b17)
    b18                                      0x20000238   Data          32  brickbreaker.o(.data.b18)
    b19                                      0x20000258   Data          32  brickbreaker.o(.data.b19)
    b2                                       0x20000278   Data          32  brickbreaker.o(.data.b2)
    b3                                       0x20000298   Data          32  brickbreaker.o(.data.b3)
    b4                                       0x200002b8   Data          32  brickbreaker.o(.data.b4)
    b5                                       0x200002d8   Data          32  brickbreaker.o(.data.b5)
    b6                                       0x200002f8   Data          32  brickbreaker.o(.data.b6)
    b7                                       0x20000318   Data          32  brickbreaker.o(.data.b7)
    b8                                       0x20000338   Data          32  brickbreaker.o(.data.b8)
    b9                                       0x20000358   Data          32  brickbreaker.o(.data.b9)
    ball                                     0x20000378   Data          20  brickbreaker.o(.data.ball)
    brickField                               0x2000038c   Data          80  brickbreaker.o(.data.brickField)
    sounds                                   0x200003e0   Data          32  wave.o(.data.sounds)
    __libspace_start                         0x20000408   Data          96  libspace.o(.bss)
    __temporary_stack_top$libspace           0x20000468   Data           0  libspace.o(.bss)
    Message                                  0x2000046d   Data          12  st7735.o(.bss.Message)
    PeriodicTask1                            0x2000047c   Data           4  timer1a.o(.bss.PeriodicTask1)
    PeriodicTask2                            0x20000480   Data           4  texas.o(.bss.PeriodicTask2)
    PeriodicTask5                            0x20000484   Data           4  timer5a.o(.bss.PeriodicTask5)
    PeriodicTask9                            0x20000488   Data           4  timer2a.o(.bss.PeriodicTask9)
    StX                                      0x20000490   Data           4  st7735.o(.bss.StX)
    StY                                      0x20000494   Data           4  st7735.o(.bss.StY)
    brickCount                               0x20000499   Data           1  brickbreaker.o(.bss.brickCount)
    executionCount                           0x2000049a   Data           1  brickbreaker.o(.bss.executionCount)
    impbrickCount                            0x2000049b   Data           1  brickbreaker.o(.bss.impbrickCount)
    myLanguage                               0x2000049c   Data           1  brickbreaker.o(.bss.myLanguage)
    noBoundEffect                            0x2000049d   Data           1  brickbreaker.o(.bss.noBoundEffect)
    noBoundTimer                             0x2000049e   Data           1  brickbreaker.o(.bss.noBoundTimer)
    pIndex                                   0x200004a0   Data           4  wave.o(.bss.pIndex)
    pauseFlag                                0x200004a4   Data           1  button.o(.bss.pauseFlag)
    resetBall                                0x200004a5   Data           1  brickbreaker.o(.bss.resetBall)
    restartFlag                              0x200004a6   Data           1  button.o(.bss.restartFlag)
    shootStage                               0x200004a7   Data           1  brickbreaker.o(.bss.shootStage)
    sound2play                               0x200004a8   Data           1  wave.o(.bss.sound2play)
    time                                     0x200004ac   Data           4  brickbreaker.o(.bss.time)
    widenEffect                              0x200004b0   Data           1  brickbreaker.o(.bss.widenEffect)
    widenTimer                               0x200004b1   Data           1  brickbreaker.o(.bss.widenTimer)



==============================================================================

Memory Map of the image

  Image Entry point : 0x0000026d

  Load Region LR_1 (Base: 0x00000000, Size: 0x0001f9d4, Max: 0xffffffff, ABSOLUTE, COMPRESSED[0x0001f780])

    Execution Region ER_RO (Exec base: 0x00000000, Load base: 0x00000000, Size: 0x0001f5d0, Max: 0xffffffff, ABSOLUTE)

    Exec Addr    Load Addr    Size         Type   Attr      Idx    E Section Name        Object

    0x00000000   0x00000000   0x00000284   Code   RO            3  * RESET               startup.o
    0x00000284   0x00000284   0x00000008   Code   RO          451  * !!!main             c_w.l(__main.o)
    0x0000028c   0x0000028c   0x00000034   Code   RO          618    !!!scatter          c_w.l(__scatter.o)
    0x000002c0   0x000002c0   0x0000005a   Code   RO          616    !!dczerorl2         c_w.l(__dczerorl2.o)
    0x0000031a   0x0000031a   0x00000002   PAD
    0x0000031c   0x0000031c   0x0000001c   Code   RO          620    !!handler_zi        c_w.l(__scatter_zi.o)
    0x00000338   0x00000338   0x00000002   Code   RO          478    .ARM.Collect$$libinit$$00000000  c_w.l(libinit.o)
    0x0000033a   0x0000033a   0x00000000   Code   RO          485    .ARM.Collect$$libinit$$00000002  c_w.l(libinit2.o)
    0x0000033a   0x0000033a   0x00000000   Code   RO          487    .ARM.Collect$$libinit$$00000004  c_w.l(libinit2.o)
    0x0000033a   0x0000033a   0x00000000   Code   RO          489    .ARM.Collect$$libinit$$00000006  c_w.l(libinit2.o)
    0x0000033a   0x0000033a   0x00000000   Code   RO          492    .ARM.Collect$$libinit$$0000000C  c_w.l(libinit2.o)
    0x0000033a   0x0000033a   0x00000000   Code   RO          494    .ARM.Collect$$libinit$$0000000E  c_w.l(libinit2.o)
    0x0000033a   0x0000033a   0x00000000   Code   RO          496    .ARM.Collect$$libinit$$00000010  c_w.l(libinit2.o)
    0x0000033a   0x0000033a   0x00000000   Code   RO          499    .ARM.Collect$$libinit$$00000013  c_w.l(libinit2.o)
    0x0000033a   0x0000033a   0x00000000   Code   RO          501    .ARM.Collect$$libinit$$00000015  c_w.l(libinit2.o)
    0x0000033a   0x0000033a   0x00000000   Code   RO          503    .ARM.Collect$$libinit$$00000017  c_w.l(libinit2.o)
    0x0000033a   0x0000033a   0x00000000   Code   RO          505    .ARM.Collect$$libinit$$00000019  c_w.l(libinit2.o)
    0x0000033a   0x0000033a   0x00000000   Code   RO          507    .ARM.Collect$$libinit$$0000001B  c_w.l(libinit2.o)
    0x0000033a   0x0000033a   0x00000000   Code   RO          509    .ARM.Collect$$libinit$$0000001D  c_w.l(libinit2.o)
    0x0000033a   0x0000033a   0x00000000   Code   RO          511    .ARM.Collect$$libinit$$0000001F  c_w.l(libinit2.o)
    0x0000033a   0x0000033a   0x00000000   Code   RO          513    .ARM.Collect$$libinit$$00000021  c_w.l(libinit2.o)
    0x0000033a   0x0000033a   0x00000000   Code   RO          515    .ARM.Collect$$libinit$$00000023  c_w.l(libinit2.o)
    0x0000033a   0x0000033a   0x00000000   Code   RO          517    .ARM.Collect$$libinit$$00000025  c_w.l(libinit2.o)
    0x0000033a   0x0000033a   0x00000000   Code   RO          519    .ARM.Collect$$libinit$$00000027  c_w.l(libinit2.o)
    0x0000033a   0x0000033a   0x00000000   Code   RO          523    .ARM.Collect$$libinit$$0000002E  c_w.l(libinit2.o)
    0x0000033a   0x0000033a   0x00000000   Code   RO          525    .ARM.Collect$$libinit$$00000030  c_w.l(libinit2.o)
    0x0000033a   0x0000033a   0x00000000   Code   RO          527    .ARM.Collect$$libinit$$00000032  c_w.l(libinit2.o)
    0x0000033a   0x0000033a   0x00000000   Code   RO          529    .ARM.Collect$$libinit$$00000034  c_w.l(libinit2.o)
    0x0000033a   0x0000033a   0x00000002   Code   RO          530    .ARM.Collect$$libinit$$00000035  c_w.l(libinit2.o)
    0x0000033c   0x0000033c   0x00000002   Code   RO          552    .ARM.Collect$$libshutdown$$00000000  c_w.l(libshutdown.o)
    0x0000033e   0x0000033e   0x00000000   Code   RO          567    .ARM.Collect$$libshutdown$$00000002  c_w.l(libshutdown2.o)
    0x0000033e   0x0000033e   0x00000000   Code   RO          569    .ARM.Collect$$libshutdown$$00000004  c_w.l(libshutdown2.o)
    0x0000033e   0x0000033e   0x00000000   Code   RO          572    .ARM.Collect$$libshutdown$$00000007  c_w.l(libshutdown2.o)
    0x0000033e   0x0000033e   0x00000000   Code   RO          575    .ARM.Collect$$libshutdown$$0000000A  c_w.l(libshutdown2.o)
    0x0000033e   0x0000033e   0x00000000   Code   RO          577    .ARM.Collect$$libshutdown$$0000000C  c_w.l(libshutdown2.o)
    0x0000033e   0x0000033e   0x00000000   Code   RO          580    .ARM.Collect$$libshutdown$$0000000F  c_w.l(libshutdown2.o)
    0x0000033e   0x0000033e   0x00000002   Code   RO          581    .ARM.Collect$$libshutdown$$00000010  c_w.l(libshutdown2.o)
    0x00000340   0x00000340   0x00000000   Code   RO          453    .ARM.Collect$$rtentry$$00000000  c_w.l(__rtentry.o)
    0x00000340   0x00000340   0x00000000   Code   RO          455    .ARM.Collect$$rtentry$$00000002  c_w.l(__rtentry2.o)
    0x00000340   0x00000340   0x00000006   Code   RO          467    .ARM.Collect$$rtentry$$00000004  c_w.l(__rtentry4.o)
    0x00000346   0x00000346   0x00000000   Code   RO          457    .ARM.Collect$$rtentry$$00000009  c_w.l(__rtentry2.o)
    0x00000346   0x00000346   0x00000004   Code   RO          458    .ARM.Collect$$rtentry$$0000000A  c_w.l(__rtentry2.o)
    0x0000034a   0x0000034a   0x00000000   Code   RO          460    .ARM.Collect$$rtentry$$0000000C  c_w.l(__rtentry2.o)
    0x0000034a   0x0000034a   0x00000008   Code   RO          461    .ARM.Collect$$rtentry$$0000000D  c_w.l(__rtentry2.o)
    0x00000352   0x00000352   0x00000002   Code   RO          482    .ARM.Collect$$rtexit$$00000000  c_w.l(rtexit.o)
    0x00000354   0x00000354   0x00000000   Code   RO          532    .ARM.Collect$$rtexit$$00000002  c_w.l(rtexit2.o)
    0x00000354   0x00000354   0x00000004   Code   RO          533    .ARM.Collect$$rtexit$$00000003  c_w.l(rtexit2.o)
    0x00000358   0x00000358   0x00000006   Code   RO          534    .ARM.Collect$$rtexit$$00000004  c_w.l(rtexit2.o)
    0x0000035e   0x0000035e   0x00000002   PAD
    0x00000360   0x00000360   0x00000030   Code   RO            4    .text               startup.o
    0x00000390   0x00000390   0x0000003c   Code   RO           13    .text               random.o
    0x000003cc   0x000003cc   0x0000003c   Code   RO          219    .text               busywait.o
    0x00000408   0x00000408   0x000001bc   Code   RO          222    .text               stringconversion.o
    0x000005c4   0x000005c4   0x00000006   Code   RO          449    .text               c_w.l(heapauxi.o)
    0x000005ca   0x000005ca   0x0000004a   Code   RO          469    .text               c_w.l(sys_stackheap_outer.o)
    0x00000614   0x00000614   0x00000012   Code   RO          471    .text               c_w.l(exit.o)
    0x00000626   0x00000626   0x00000002   PAD
    0x00000628   0x00000628   0x00000008   Code   RO          479    .text               c_w.l(libspace.o)
    0x00000630   0x00000630   0x0000000c   Code   RO          542    .text               c_w.l(sys_exit.o)
    0x0000063c   0x0000063c   0x00000002   Code   RO          557    .text               c_w.l(use_no_semi.o)
    0x0000063e   0x0000063e   0x00000000   Code   RO          559    .text               c_w.l(indicate_semi.o)
    0x0000063e   0x0000063e   0x00000002   PAD
    0x00000640   0x00000640   0x000000fc   Code   RO           49    .text.ADC1_Init     texas.o
    0x0000073c   0x0000073c   0x00000046   Code   RO           65    .text.ADC_In        adc.o
    0x00000782   0x00000782   0x00000002   PAD
    0x00000784   0x00000784   0x000000fa   Code   RO           63    .text.ADC_Init      adc.o
    0x0000087e   0x0000087e   0x00000002   PAD
    0x00000880   0x00000880   0x00000010   Code   RO          246    .text.Button_In     brickbreaker.o
    0x00000890   0x00000890   0x00000046   Code   RO          244    .text.Button_Init   brickbreaker.o
    0x000008d6   0x000008d6   0x00000002   PAD
    0x000008d8   0x000008d8   0x00000066   Code   RO          254    .text.Convert       brickbreaker.o
    0x0000093e   0x0000093e   0x00000002   PAD
    0x00000940   0x00000940   0x00000056   Code   RO           74    .text.DAC_Init      dac.o
    0x00000996   0x00000996   0x00000002   PAD
    0x00000998   0x00000998   0x00000014   Code   RO           76    .text.DAC_Out       dac.o
    0x000009ac   0x000009ac   0x0000002e   Code   RO           97    .text.Delay1ms      st7735.o
    0x000009da   0x000009da   0x00000002   PAD
    0x000009dc   0x000009dc   0x0000002e   Code   RO          284    .text.DelayMs       brickbreaker.o
    0x00000a0a   0x00000a0a   0x00000002   PAD
    0x00000a0c   0x00000a0c   0x00000034   Code   RO          258    .text.DrawBall      brickbreaker.o
    0x00000a40   0x00000a40   0x00000078   Code   RO          262    .text.DrawBrick     brickbreaker.o
    0x00000ab8   0x00000ab8   0x00000034   Code   RO          260    .text.DrawPaddle    brickbreaker.o
    0x00000aec   0x00000aec   0x0000002a   Code   RO          264    .text.DrawPower     brickbreaker.o
    0x00000b16   0x00000b16   0x00000002   PAD
    0x00000b18   0x00000b18   0x00000064   Code   RO          415    .text.GPIOPortE_Handler  button.o
    0x00000b7c   0x00000b7c   0x0000003a   Code   RO          256    .text.LangSelect    brickbreaker.o
    0x00000bb6   0x00000bb6   0x00000002   PAD
    0x00000bb8   0x00000bb8   0x0000001c   Code   RO           27    .text.LogicAnalyzerA  texas.o
    0x00000bd4   0x00000bd4   0x0000001a   Code   RO           29    .text.LogicAnalyzerB  texas.o
    0x00000bee   0x00000bee   0x00000002   PAD
    0x00000bf0   0x00000bf0   0x0000001c   Code   RO           31    .text.LogicAnalyzerC  texas.o
    0x00000c0c   0x00000c0c   0x0000001a   Code   RO           33    .text.LogicAnalyzerE  texas.o
    0x00000c26   0x00000c26   0x00000002   PAD
    0x00000c28   0x00000c28   0x0000001a   Code   RO           35    .text.LogicAnalyzerF  texas.o
    0x00000c42   0x00000c42   0x00000002   PAD
    0x00000c44   0x00000c44   0x0000011a   Code   RO          274    .text.Move          brickbreaker.o
    0x00000d5e   0x00000d5e   0x00000002   PAD
    0x00000d60   0x00000d60   0x00000010   Code   RO          177    .text.Output_Init   st7735.o
    0x00000d70   0x00000d70   0x0000008a   Code   RO           85    .text.PLL_Init      pll.o
    0x00000dfa   0x00000dfa   0x00000002   PAD
    0x00000dfc   0x00000dfc   0x000000bc   Code   RO          411    .text.PauseButton_Init  button.o
    0x00000eb8   0x00000eb8   0x000000e8   Code   RO           37    .text.PeriodicTask2_Init  texas.o
    0x00000fa0   0x00000fa0   0x0000009e   Code   RO          413    .text.RestartButton_Init  button.o
    0x0000103e   0x0000103e   0x00000002   PAD
    0x00001040   0x00001040   0x0000024c   Code   RO          133    .text.ST7735_DrawBitmap  st7735.o
    0x0000128c   0x0000128c   0x000001b4   Code   RO          135    .text.ST7735_DrawCharS  st7735.o
    0x00001440   0x00001440   0x00000070   Code   RO          111    .text.ST7735_DrawPixel  st7735.o
    0x000014b0   0x000014b0   0x0000009a   Code   RO          139    .text.ST7735_DrawString  st7735.o
    0x0000154a   0x0000154a   0x00000002   PAD
    0x0000154c   0x0000154c   0x0000013e   Code   RO          121    .text.ST7735_FillRect  st7735.o
    0x0000168a   0x0000168a   0x00000002   PAD
    0x0000168c   0x0000168c   0x00000034   Code   RO          105    .text.ST7735_FillScreen  st7735.o
    0x000016c0   0x000016c0   0x000000a6   Code   RO          107    .text.ST7735_InitR  st7735.o
    0x00001766   0x00001766   0x00000002   PAD
    0x00001768   0x00001768   0x00000114   Code   RO          165    .text.ST7735_OutChar  st7735.o
    0x0000187c   0x0000187c   0x00000024   Code   RO          167    .text.ST7735_OutString  st7735.o
    0x000018a0   0x000018a0   0x000000be   Code   RO          141    .text.ST7735_OutUDec  st7735.o
    0x0000195e   0x0000195e   0x00000002   PAD
    0x00001960   0x00001960   0x00000036   Code   RO          103    .text.ST7735_SetCursor  st7735.o
    0x00001996   0x00001996   0x00000002   PAD
    0x00001998   0x00001998   0x00000018   Code   RO           25    .text.Scope         texas.o
    0x000019b0   0x000019b0   0x00000168   Code   RO           51    .text.TExaS_Init    texas.o
    0x00001b18   0x00001b18   0x0000001c   Code   RO          399    .text.Timer1A_Handler  timer1a.o
    0x00001b34   0x00001b34   0x000000a0   Code   RO          397    .text.Timer1A_Init  timer1a.o
    0x00001bd4   0x00001bd4   0x0000001c   Code   RO          401    .text.Timer1A_Stop  timer1a.o
    0x00001bf0   0x00001bf0   0x0000001c   Code   RO          385    .text.Timer2A_Handler  timer2a.o
    0x00001c0c   0x00001c0c   0x000000a0   Code   RO          383    .text.Timer2A_Init  timer2a.o
    0x00001cac   0x00001cac   0x0000001c   Code   RO          387    .text.Timer2A_Stop  timer2a.o
    0x00001cc8   0x00001cc8   0x00000102   Code   RO          252    .text.Timer3A_Handler  brickbreaker.o
    0x00001dca   0x00001dca   0x00000002   PAD
    0x00001dcc   0x00001dcc   0x00000094   Code   RO          248    .text.Timer3A_Init  brickbreaker.o
    0x00001e60   0x00001e60   0x0000001a   Code   RO          250    .text.Timer3A_Stop  brickbreaker.o
    0x00001e7a   0x00001e7a   0x00000002   PAD
    0x00001e7c   0x00001e7c   0x0000001c   Code   RO          436    .text.Timer5A_Handler  timer5a.o
    0x00001e98   0x00001e98   0x000000a0   Code   RO           41    .text.UART0_Init    texas.o
    0x00001f38   0x00001f38   0x000004e6   Code   RO          266    .text.brickCollision  brickbreaker.o
    0x0000241e   0x0000241e   0x00000002   PAD
    0x00002420   0x00002420   0x000000aa   Code   RO          109    .text.commandList   st7735.o
    0x000024ca   0x000024ca   0x00000002   PAD
    0x000024cc   0x000024cc   0x000001a2   Code   RO          101    .text.commonInit    st7735.o
    0x0000266e   0x0000266e   0x00000002   PAD
    0x00002670   0x00002670   0x00000048   Code   RO          280    .text.isBallMoved   brickbreaker.o
    0x000026b8   0x000026b8   0x0000012a   Code   RO          278    .text.isShootStage  brickbreaker.o
    0x000027e2   0x000027e2   0x00000002   PAD
    0x000027e4   0x000027e4   0x000005c8   Code   RO          282    .text.main          brickbreaker.o
    0x00002dac   0x00002dac   0x00000270   Code   RO          268    .text.paddleCollision  brickbreaker.o
    0x0000301c   0x0000301c   0x00000060   Code   RO          226    .text.playsample    wave.o
    0x0000307c   0x0000307c   0x0000002c   Code   RO          228    .text.playsound     wave.o
    0x000030a8   0x000030a8   0x00000356   Code   RO          272    .text.powerUpCollision  brickbreaker.o
    0x000033fe   0x000033fe   0x00000002   PAD
    0x00003400   0x00003400   0x0000001c   Code   RO          115    .text.pushColor     st7735.o
    0x0000341c   0x0000341c   0x000000c2   Code   RO          276    .text.resetBallpos  brickbreaker.o
    0x000034de   0x000034de   0x00000002   PAD
    0x000034e0   0x000034e0   0x00000094   Code   RO          113    .text.setAddrWindow  st7735.o
    0x00003574   0x00003574   0x000000ca   Code   RO          270    .text.wallCollision  brickbreaker.o
    0x0000363e   0x0000363e   0x00000002   PAD
    0x00003640   0x00003640   0x0000002c   Code   RO           93    .text.writecommand  st7735.o
    0x0000366c   0x0000366c   0x0000002c   Code   RO           95    .text.writedata     st7735.o
    0x00003698   0x00003698   0x00001fcc   Data   RO          307    .rodata.ChooseYourLang  brickbreaker.o
    0x00005664   0x00005664   0x00000270   Data   RO          288    .rodata.DestroyedBrick  brickbreaker.o
    0x000058d4   0x000058d4   0x00000320   Data   RO          311    .rodata.ExtraLife   brickbreaker.o
    0x00005bf4   0x00005bf4   0x000004fb   Data   RO          202    .rodata.Font        st7735.o
    0x000060ef   0x000060ef   0x00000008   Data   RO          355    .rodata.Goodbye_English  brickbreaker.o
    0x000060f7   0x000060f7   0x00000006   Data   RO          356    .rodata.Goodbye_Spanish  brickbreaker.o
    0x000060fd   0x000060fd   0x00000006   Data   RO          353    .rodata.Hello_English  brickbreaker.o
    0x00006103   0x00006103   0x00000007   Data   RO          354    .rodata.Hello_Spanish  brickbreaker.o
    0x0000610a   0x0000610a   0x00000270   Data   RO          289    .rodata.ImpenetrableBrick  brickbreaker.o
    0x0000637a   0x0000637a   0x000002d8   Data   RO          305    .rodata.LB          brickbreaker.o
    0x00006652   0x00006652   0x00000008   Data   RO          357    .rodata.Language_English  brickbreaker.o
    0x0000665a   0x0000665a   0x00000008   Data   RO          358    .rodata.Language_Spanish  brickbreaker.o
    0x00006662   0x00006662   0x00000007   Data   RO          359    .rodata.Lives_English  brickbreaker.o
    0x00006669   0x00006669   0x00000007   Data   RO          360    .rodata.Lives_Spanish  brickbreaker.o
    0x00006670   0x00006670   0x00000200   Data   RO          313    .rodata.LongPaddle  brickbreaker.o
    0x00006870   0x00006870   0x0000000a   Data   RO          367    .rodata.Lose_English  brickbreaker.o
    0x0000687a   0x0000687a   0x0000000c   Data   RO          368    .rodata.Lose_Spanish  brickbreaker.o
    0x00006886   0x00006886   0x00000400   Data   RO          308    .rodata.MexicoFlag  brickbreaker.o
    0x00006c86   0x00006c86   0x00000320   Data   RO          310    .rodata.NoBound     brickbreaker.o
    0x00006fa6   0x00006fa6   0x00000270   Data   RO          300    .rodata.OrangeBrick1  brickbreaker.o
    0x00007216   0x00007216   0x00000270   Data   RO          301    .rodata.OrangeBrick2  brickbreaker.o
    0x00007486   0x00007486   0x00000270   Data   RO          302    .rodata.OrangeBrick3  brickbreaker.o
    0x000076f6   0x000076f6   0x00000270   Data   RO          303    .rodata.OrangeBrick4  brickbreaker.o
    0x00007966   0x00007966   0x00000320   Data   RO          312    .rodata.PlusLen     brickbreaker.o
    0x00007c86   0x00007c86   0x00000270   Data   RO          297    .rodata.PurpleBrick1  brickbreaker.o
    0x00007ef6   0x00007ef6   0x00000270   Data   RO          298    .rodata.PurpleBrick2  brickbreaker.o
    0x00008166   0x00008166   0x00000270   Data   RO          299    .rodata.PurpleBrick3  brickbreaker.o
    0x000083d6   0x000083d6   0x0000032c   Data   RO          304    .rodata.RB          brickbreaker.o
    0x00008702   0x00008702   0x0000003b   Data   RO          191    .rodata.Rcmd1       st7735.o
    0x0000873d   0x0000873d   0x0000000d   Data   RO          192    .rodata.Rcmd2green  st7735.o
    0x0000874a   0x0000874a   0x0000000d   Data   RO          195    .rodata.Rcmd2red    st7735.o
    0x00008757   0x00008757   0x0000002b   Data   RO          196    .rodata.Rcmd3       st7735.o
    0x00008782   0x00008782   0x00000008   Data   RO          363    .rodata.Score_Enlish  brickbreaker.o
    0x0000878a   0x0000878a   0x00000008   Data   RO          364    .rodata.Score_Spanish  brickbreaker.o
    0x00008792   0x00008792   0x00000008   Data   RO          361    .rodata.Time_English  brickbreaker.o
    0x0000879a   0x0000879a   0x00000008   Data   RO          362    .rodata.Time_Spanish  brickbreaker.o
    0x000087a2   0x000087a2   0x00002b3e   Data   RO          306    .rodata.Title       brickbreaker.o
    0x0000b2e0   0x0000b2e0   0x00000400   Data   RO          309    .rodata.USAFlag     brickbreaker.o
    0x0000b6e0   0x0000b6e0   0x00000270   Data   RO          292    .rodata.WhiteBrick1  brickbreaker.o
    0x0000b950   0x0000b950   0x00000270   Data   RO          293    .rodata.WhiteBrick2  brickbreaker.o
    0x0000bbc0   0x0000bbc0   0x00000270   Data   RO          294    .rodata.WhiteBrick3  brickbreaker.o
    0x0000be30   0x0000be30   0x00000270   Data   RO          295    .rodata.WhiteBrick4  brickbreaker.o
    0x0000c0a0   0x0000c0a0   0x00000270   Data   RO          296    .rodata.WhiteBrick5  brickbreaker.o
    0x0000c310   0x0000c310   0x00000009   Data   RO          365    .rodata.Win_English  brickbreaker.o
    0x0000c319   0x0000c319   0x0000000a   Data   RO          366    .rodata.Win_Spanish  brickbreaker.o
    0x0000c323   0x0000c323   0x00000001   PAD
    0x0000c324   0x0000c324   0x000000c8   Data   RO          286    .rodata.brickball   brickbreaker.o
    0x0000c3ec   0x0000c3ec   0x00000f54   Data   RO          232    .rodata.explode     wave.o
    0x0000d340   0x0000d340   0x000011d8   Data   RO          230    .rodata.hit01       wave.o
    0x0000e518   0x0000e518   0x00006d20   Data   RO          233    .rodata.losegamemusic  wave.o
    0x00015238   0x00015238   0x00000100   Data   RO          287    .rodata.paddle      brickbreaker.o
    0x00015338   0x00015338   0x00000016   Data   RO          211    .rodata.str1.1      st7735.o
    0x0001534e   0x0001534e   0x00009d80   Data   RO          231    .rodata.victory1    wave.o
    0x0001f0ce   0x0001f0ce   0x00000270   Data   RO          290    .rodata.woodBrick1  brickbreaker.o
    0x0001f33e   0x0001f33e   0x00000270   Data   RO          291    .rodata.woodBrick2  brickbreaker.o
    0x0001f5ae   0x0001f5ae   0x00000002   PAD
    0x0001f5b0   0x0001f5b0   0x00000020   Data   RO          615    Region$$Table       anon$$obj.o


    Execution Region ER_RW (Exec base: 0x20000000, Load base: 0x0001f5d0, Size: 0x00000404, Max: 0xffffffff, ABSOLUTE, COMPRESSED[0x000001b0])

    Exec Addr    Load Addr    Size         Type   Attr      Idx    E Section Name        Object

    0x20000000   COMPRESSED   0x0000000c   Data   RW          317    .data.ExtraLiveP    brickbreaker.o
    0x2000000c   COMPRESSED   0x00000018   Data   RW          323    .data.ImpenetrableBricks  brickbreaker.o
    0x20000024   COMPRESSED   0x0000000c   Data   RW          318    .data.NoBoundP      brickbreaker.o
    0x20000030   COMPRESSED   0x00000018   Data   RW          320    .data.OrangeBricks  brickbreaker.o
    0x20000048   COMPRESSED   0x00000040   Data   RW          369    .data.Phrases       brickbreaker.o
    0x20000088   COMPRESSED   0x00000018   Data   RW          321    .data.PurpleBricks  brickbreaker.o
    0x200000a0   COMPRESSED   0x00000002   Data   RW          189    .data.StTextColor   st7735.o
    0x200000a2   COMPRESSED   0x00000002   PAD
    0x200000a4   COMPRESSED   0x00000014   Data   RW          314    .data.UserPaddle    brickbreaker.o
    0x200000b8   COMPRESSED   0x00000018   Data   RW          319    .data.WhiteBricks   brickbreaker.o
    0x200000d0   COMPRESSED   0x0000000c   Data   RW          316    .data.WidenP        brickbreaker.o
    0x200000dc   COMPRESSED   0x00000018   Data   RW          322    .data.WoodBricks    brickbreaker.o
    0x200000f4   COMPRESSED   0x00000002   Data   RW          199    .data._height       st7735.o
    0x200000f6   COMPRESSED   0x00000002   Data   RW          198    .data._width        st7735.o
    0x200000f8   COMPRESSED   0x00000020   Data   RW          324    .data.b0            brickbreaker.o
    0x20000118   COMPRESSED   0x00000020   Data   RW          325    .data.b1            brickbreaker.o
    0x20000138   COMPRESSED   0x00000020   Data   RW          334    .data.b10           brickbreaker.o
    0x20000158   COMPRESSED   0x00000020   Data   RW          335    .data.b11           brickbreaker.o
    0x20000178   COMPRESSED   0x00000020   Data   RW          336    .data.b12           brickbreaker.o
    0x20000198   COMPRESSED   0x00000020   Data   RW          337    .data.b13           brickbreaker.o
    0x200001b8   COMPRESSED   0x00000020   Data   RW          338    .data.b14           brickbreaker.o
    0x200001d8   COMPRESSED   0x00000020   Data   RW          339    .data.b15           brickbreaker.o
    0x200001f8   COMPRESSED   0x00000020   Data   RW          340    .data.b16           brickbreaker.o
    0x20000218   COMPRESSED   0x00000020   Data   RW          341    .data.b17           brickbreaker.o
    0x20000238   COMPRESSED   0x00000020   Data   RW          342    .data.b18           brickbreaker.o
    0x20000258   COMPRESSED   0x00000020   Data   RW          343    .data.b19           brickbreaker.o
    0x20000278   COMPRESSED   0x00000020   Data   RW          326    .data.b2            brickbreaker.o
    0x20000298   COMPRESSED   0x00000020   Data   RW          327    .data.b3            brickbreaker.o
    0x200002b8   COMPRESSED   0x00000020   Data   RW          328    .data.b4            brickbreaker.o
    0x200002d8   COMPRESSED   0x00000020   Data   RW          329    .data.b5            brickbreaker.o
    0x200002f8   COMPRESSED   0x00000020   Data   RW          330    .data.b6            brickbreaker.o
    0x20000318   COMPRESSED   0x00000020   Data   RW          331    .data.b7            brickbreaker.o
    0x20000338   COMPRESSED   0x00000020   Data   RW          332    .data.b8            brickbreaker.o
    0x20000358   COMPRESSED   0x00000020   Data   RW          333    .data.b9            brickbreaker.o
    0x20000378   COMPRESSED   0x00000014   Data   RW          315    .data.ball          brickbreaker.o
    0x2000038c   COMPRESSED   0x00000050   Data   RW          344    .data.brickField    brickbreaker.o
    0x200003dc   COMPRESSED   0x00000001   Data   RW          370    .data.brickId       brickbreaker.o
    0x200003dd   COMPRESSED   0x00000003   PAD
    0x200003e0   COMPRESSED   0x00000020   Data   RW          234    .data.sounds        wave.o
    0x20000400   COMPRESSED   0x00000004   Data   RW           12    DATA                random.o


    Execution Region ER_ZI (Exec base: 0x20000408, Load base: 0x0001f780, Size: 0x000004b0, Max: 0xffffffff, ABSOLUTE)

    Exec Addr    Load Addr    Size         Type   Attr      Idx    E Section Name        Object

    0x20000408        -       0x00000060   Zero   RW          480    .bss                c_w.l(libspace.o)
    0x20000468        -       0x00000004   Zero   RW          345    .bss.ADCMail        brickbreaker.o
    0x2000046c        -       0x00000001   Zero   RW          193    .bss.ColStart       st7735.o
    0x2000046d        -       0x0000000c   Zero   RW          203    .bss.Message        st7735.o
    0x20000479   0x0001f780   0x00000003   PAD
    0x2000047c        -       0x00000004   Zero   RW          403    .bss.PeriodicTask1  timer1a.o
    0x20000480        -       0x00000004   Zero   RW           55    .bss.PeriodicTask2  texas.o
    0x20000484        -       0x00000004   Zero   RW          440    .bss.PeriodicTask5  timer5a.o
    0x20000488        -       0x00000004   Zero   RW          389    .bss.PeriodicTask9  timer2a.o
    0x2000048c        -       0x00000001   Zero   RW          194    .bss.RowStart       st7735.o
    0x2000048d   0x0001f780   0x00000003   PAD
    0x20000490        -       0x00000004   Zero   RW          187    .bss.StX            st7735.o
    0x20000494        -       0x00000004   Zero   RW          188    .bss.StY            st7735.o
    0x20000498        -       0x00000001   Zero   RW          197    .bss.TabColor       st7735.o
    0x20000499        -       0x00000001   Zero   RW          371    .bss.brickCount     brickbreaker.o
    0x2000049a        -       0x00000001   Zero   RW          346    .bss.executionCount  brickbreaker.o
    0x2000049b        -       0x00000001   Zero   RW          374    .bss.impbrickCount  brickbreaker.o
    0x2000049c        -       0x00000001   Zero   RW          352    .bss.myLanguage     brickbreaker.o
    0x2000049d        -       0x00000001   Zero   RW          350    .bss.noBoundEffect  brickbreaker.o
    0x2000049e        -       0x00000001   Zero   RW          351    .bss.noBoundTimer   brickbreaker.o
    0x2000049f   0x0001f780   0x00000001   PAD
    0x200004a0        -       0x00000004   Zero   RW          235    .bss.pIndex         wave.o
    0x200004a4        -       0x00000001   Zero   RW          418    .bss.pauseFlag      button.o
    0x200004a5        -       0x00000001   Zero   RW          373    .bss.resetBall      brickbreaker.o
    0x200004a6        -       0x00000001   Zero   RW          417    .bss.restartFlag    button.o
    0x200004a7        -       0x00000001   Zero   RW          372    .bss.shootStage     brickbreaker.o
    0x200004a8        -       0x00000001   Zero   RW          236    .bss.sound2play     wave.o
    0x200004a9   0x0001f780   0x00000003   PAD
    0x200004ac        -       0x00000004   Zero   RW          347    .bss.time           brickbreaker.o
    0x200004b0        -       0x00000001   Zero   RW          348    .bss.widenEffect    brickbreaker.o
    0x200004b1        -       0x00000001   Zero   RW          349    .bss.widenTimer     brickbreaker.o
    0x200004b2   0x0001f780   0x00000006   PAD
    0x200004b8        -       0x00000000   Zero   RW            2    HEAP                startup.o
    0x200004b8        -       0x00000400   Zero   RW            1    STACK               startup.o


==============================================================================

Image component sizes


      Code (inc. data)   RO Data    RW Data    ZI Data      Debug   Object Name

       320          0          0          0          0        741   adc.o
      6250          0      36280        981         18       9927   brickbreaker.o
        60          0          0          0          0        248   busywait.o
       446          0          0          0          2        892   button.o
       106          0          0          0          0        698   dac.o
       138          0          0          0          0        574   pll.o
        60         14          0          4          0        228   random.o
      3296          0       1425          6         23      12608   st7735.o
       692        632          0          0       1024        956   startup.o
       444          0          0          0          0        396   stringconversion.o
      1162          0          0          0          4       2745   texas.o
       216          0          0          0          4        899   timer1a.o
       216          0          0          0          4        899   timer2a.o
        28          0          0          0          4        899   timer5a.o
       140          0      76748         32          5       1260   wave.o

    ----------------------------------------------------------------------
     13632        646     114488       1028       1104      33970   Object Totals
         0          0         32          0          0          0   (incl. Generated)
        58          0          3          5         16          0   (incl. Padding)

    ----------------------------------------------------------------------

      Code (inc. data)   RO Data    RW Data    ZI Data      Debug   Library Member Name

        90          0          0          0          0          0   __dczerorl2.o
         8          0          0          0          0         68   __main.o
         0          0          0          0          0          0   __rtentry.o
        12          0          0          0          0          0   __rtentry2.o
         6          0          0          0          0          0   __rtentry4.o
        52          8          0          0          0          0   __scatter.o
        28          0          0          0          0          0   __scatter_zi.o
        18          0          0          0          0         80   exit.o
         6          0          0          0          0        152   heapauxi.o
         0          0          0          0          0          0   indicate_semi.o
         2          0          0          0          0          0   libinit.o
         2          0          0          0          0          0   libinit2.o
         2          0          0          0          0          0   libshutdown.o
         2          0          0          0          0          0   libshutdown2.o
         8          4          0          0         96         68   libspace.o
         2          0          0          0          0          0   rtexit.o
        10          0          0          0          0          0   rtexit2.o
        12          4          0          0          0         68   sys_exit.o
        74          0          0          0          0         80   sys_stackheap_outer.o
         2          0          0          0          0         68   use_no_semi.o

    ----------------------------------------------------------------------
       344         16          0          0         96        584   Library Totals
         8          0          0          0          0          0   (incl. Padding)

    ----------------------------------------------------------------------

      Code (inc. data)   RO Data    RW Data    ZI Data      Debug   Library Name

       336         16          0          0         96        584   c_w.l

    ----------------------------------------------------------------------
       344         16          0          0         96        584   Library Totals

    ----------------------------------------------------------------------

==============================================================================


      Code (inc. data)   RO Data    RW Data    ZI Data      Debug   

     13976        662     114488       1028       1200      34246   Grand Totals
     13976        662     114488        432       1200      34246   ELF Image Totals (compressed)
     13976        662     114488        432          0          0   ROM Totals

==============================================================================

    Total RO  Size (Code + RO Data)               128464 ( 125.45kB)
    Total RW  Size (RW Data + ZI Data)              2228 (   2.18kB)
    Total ROM Size (Code + RO Data + RW Data)     128896 ( 125.88kB)

==============================================================================

