<html>
<body>
<pre>
<h1>µVision Build Log</h1>
<h2>Tool Versions:</h2>
IDE-Version: µVision V5.38.0.0
Copyright (C) 2022 ARM Ltd and ARM Germany GmbH. All rights reserved.
License Information: Anthony Brooks, N/A, LIC=WC91Y-28F9H-0SXYT-4W98Q-ZYPSU-1LV4Y
 
Tool Versions:
Toolchain:       MDK-ARM Community  Version: 5.38.0.0
Toolchain Path:  C:\Keil_v5\ARM\ARMCLANG\Bin
C Compiler:      ArmClang.exe V6.19
Assembler:       Armasm.exe V6.19
Linker/Locator:  ArmLink.exe V6.19
Library Manager: ArmAr.exe V6.19
Hex Converter:   FromElf.exe V6.19
CPU DLL:         SARMCM3.DLL V5.38.0.0
Dialog DLL:      DCM.DLL V1.17.5.0
Target DLL:      lmidk-agdi.dll V???
Dialog DLL:      TCM.DLL V1.56.4.0
 
<h2>Project:</h2>
C:\Keil_v5\EE319KwareSpring2023\Lab10_EE319K\BrickBreaker.uvprojx
Project File Date:  04/16/2023

<h2>Output:</h2>
*** Using Compiler 'V6.19', folder: 'C:\Keil_v5\ARM\ARMCLANG\Bin'
Build target 'BrickBreaker'
BrickBreaker.c(616): warning: passing 'const char *' to parameter of type 'char *' discards qualifiers [-Wincompatible-pointer-types-discards-qualifiers]
        ST7735_OutString(Phrases[TIME][myLanguage]); 
                         ^~~~~~~~~~~~~~~~~~~~~~~~~
./../inc/ST7735.h(490): note: passing argument to parameter 'ptr' here
void ST7735_OutString(char *ptr);
                            ^
BrickBreaker.c(619): warning: passing 'const char *' to parameter of type 'char *' discards qualifiers [-Wincompatible-pointer-types-discards-qualifiers]
        ST7735_OutString(Phrases[LIVES][myLanguage]); 
                         ^~~~~~~~~~~~~~~~~~~~~~~~~~
./../inc/ST7735.h(490): note: passing argument to parameter 'ptr' here
void ST7735_OutString(char *ptr);
                            ^
BrickBreaker.c(690): warning: passing 'const char *' to parameter of type 'char *' discards qualifiers [-Wincompatible-pointer-types-discards-qualifiers]
                                ST7735_OutString(Phrases[LOSE][myLanguage]); 
                                                 ^~~~~~~~~~~~~~~~~~~~~~~~~
./../inc/ST7735.h(490): note: passing argument to parameter 'ptr' here
void ST7735_OutString(char *ptr);
                            ^
BrickBreaker.c(698): warning: passing 'const char *' to parameter of type 'char *' discards qualifiers [-Wincompatible-pointer-types-discards-qualifiers]
                                ST7735_OutString(Phrases[WIN][myLanguage]);
                                                 ^~~~~~~~~~~~~~~~~~~~~~~~
./../inc/ST7735.h(490): note: passing argument to parameter 'ptr' here
void ST7735_OutString(char *ptr);
                            ^
BrickBreaker.c(700): warning: passing 'const char *' to parameter of type 'char *' discards qualifiers [-Wincompatible-pointer-types-discards-qualifiers]
                                ST7735_OutString(Phrases[SCORE][myLanguage]);
                                                 ^~~~~~~~~~~~~~~~~~~~~~~~~~
./../inc/ST7735.h(490): note: passing argument to parameter 'ptr' here
void ST7735_OutString(char *ptr);
                            ^
5 warnings generated.
compiling BrickBreaker.c...
linking...
Program Size: Code=13976 RO-data=114488 RW-data=1028 ZI-data=1200  
".\SpaceInvaders.axf" - 0 Error(s), 5 Warning(s).

<h2>Software Packages used:</h2>

Package Vendor: ARM
                http://www.keil.com/pack/ARM.CMSIS.5.9.0.pack
                ARM.CMSIS.5.9.0
                CMSIS (Common Microcontroller Software Interface Standard)
   * Component: CORE Version: 5.6.0

Package Vendor: Keil
                http://www.keil.com/pack/Keil.TM4C_DFP.1.1.0.pack
                Keil.TM4C_DFP.1.1.0
                Texas Instruments Tiva C Series Device Support and Examples

<h2>Collection of Component include folders:</h2>
  ./RTE/_BrickBreaker
  C:/Users/aj200/AppData/Local/Arm/Packs/ARM/CMSIS/5.9.0/CMSIS/Core/Include
  C:/Users/aj200/AppData/Local/Arm/Packs/Keil/TM4C_DFP/1.1.0/Device/Include/TM4C123

<h2>Collection of Component Files used:</h2>

   * Component: ARM::CMSIS:CORE:5.6.0
Build Time Elapsed:  00:00:01
</pre>
</body>
</html>
